Archive member included because of file (symbol)

c:\Users\jayan\AppData\Roaming\Code\User\globalStorage\vexrobotics.vexcode\sdk\cpp\V5\V5_20240802_15_00_00/vexv5\libv5rt.a(v5_startup.c.obj)
                              (vexStartup)
c:\Users\jayan\AppData\Roaming\Code\User\globalStorage\vexrobotics.vexcode\sdk\cpp\V5\V5_20240802_15_00_00/vexv5\libv5rt.a(v5_util.c.obj)
                              c:\Users\jayan\AppData\Roaming\Code\User\globalStorage\vexrobotics.vexcode\sdk\cpp\V5\V5_20240802_15_00_00/vexv5\libv5rt.a(v5_startup.c.obj) (vexStdlibVersionLinked)
c:\Users\jayan\AppData\Roaming\Code\User\globalStorage\vexrobotics.vexcode\sdk\cpp\V5\V5_20240802_15_00_00/vexv5\libv5rt.a(v5_apijump.c.obj)
                              c:\Users\jayan\AppData\Roaming\Code\User\globalStorage\vexrobotics.vexcode\sdk\cpp\V5\V5_20240802_15_00_00/vexv5\libv5rt.a(v5_startup.c.obj) (vexPrivateApiEnable)
c:\Users\jayan\AppData\Roaming\Code\User\globalStorage\vexrobotics.vexcode\sdk\cpp\V5\V5_20240802_15_00_00/vexv5\libv5rt.a(v5_apiversions.c.obj)
                              c:\Users\jayan\AppData\Roaming\Code\User\globalStorage\vexrobotics.vexcode\sdk\cpp\V5\V5_20240802_15_00_00/vexv5\libv5rt.a(v5_apijump.c.obj) (vexSystemVersion)
c:\Users\jayan\AppData\Roaming\Code\User\globalStorage\vexrobotics.vexcode\sdk\cpp\V5\V5_20240802_15_00_00/vexv5\libv5rt.a(vex_global.cpp.obj)
                              build/src/main.o (vex::wait(double, vex::timeUnits))
c:\Users\jayan\AppData\Roaming\Code\User\globalStorage\vexrobotics.vexcode\sdk\cpp\V5\V5_20240802_15_00_00/vexv5\libv5rt.a(vex_motor.cpp.obj)
                              build/src/main.o (vex::motor::~motor())
c:\Users\jayan\AppData\Roaming\Code\User\globalStorage\vexrobotics.vexcode\sdk\cpp\V5\V5_20240802_15_00_00/vexv5\libv5rt.a(vex_imu.cpp.obj)
                              build/src/JAR-Template/drive.o (vex::inertial::setRotation(double, vex::rotationUnits))
c:\Users\jayan\AppData\Roaming\Code\User\globalStorage\vexrobotics.vexcode\sdk\cpp\V5\V5_20240802_15_00_00/vexv5\libv5rt.a(vex_rotation.cpp.obj)
                              build/src/main.o (vex::rotation::~rotation())
c:\Users\jayan\AppData\Roaming\Code\User\globalStorage\vexrobotics.vexcode\sdk\cpp\V5\V5_20240802_15_00_00/vexv5\libv5rt.a(vex_distance.cpp.obj)
                              build/src/robot-config.o (vex::distance::~distance())
c:\Users\jayan\AppData\Roaming\Code\User\globalStorage\vexrobotics.vexcode\sdk\cpp\V5\V5_20240802_15_00_00/vexv5\libv5rt.a(vex_controller.cpp.obj)
                              build/src/robot-config.o (vex::controller::~controller())
c:\Users\jayan\AppData\Roaming\Code\User\globalStorage\vexrobotics.vexcode\sdk\cpp\V5\V5_20240802_15_00_00/vexv5\libv5rt.a(vex_task.cpp.obj)
                              build/src/JAR-Template/drive.o (vex::task::task())
c:\Users\jayan\AppData\Roaming\Code\User\globalStorage\vexrobotics.vexcode\sdk\cpp\V5\V5_20240802_15_00_00/vexv5\libv5rt.a(vex_thread.cpp.obj)
                              c:\Users\jayan\AppData\Roaming\Code\User\globalStorage\vexrobotics.vexcode\sdk\cpp\V5\V5_20240802_15_00_00/vexv5\libv5rt.a(vex_global.cpp.obj) (vex::this_thread::sleep_for(unsigned long))
c:\Users\jayan\AppData\Roaming\Code\User\globalStorage\vexrobotics.vexcode\sdk\cpp\V5\V5_20240802_15_00_00/vexv5\libv5rt.a(vex_event.cpp.obj)
                              c:\Users\jayan\AppData\Roaming\Code\User\globalStorage\vexrobotics.vexcode\sdk\cpp\V5\V5_20240802_15_00_00/vexv5\libv5rt.a(vex_imu.cpp.obj) (vex::event::init(unsigned long, unsigned long, void (*)()))
c:\Users\jayan\AppData\Roaming\Code\User\globalStorage\vexrobotics.vexcode\sdk\cpp\V5\V5_20240802_15_00_00/vexv5\libv5rt.a(vex_mevent.cpp.obj)
                              c:\Users\jayan\AppData\Roaming\Code\User\globalStorage\vexrobotics.vexcode\sdk\cpp\V5\V5_20240802_15_00_00/vexv5\libv5rt.a(vex_controller.cpp.obj) (vex::mevent::mevent(unsigned long, unsigned long))
c:\Users\jayan\AppData\Roaming\Code\User\globalStorage\vexrobotics.vexcode\sdk\cpp\V5\V5_20240802_15_00_00/vexv5\libv5rt.a(vex_brain.cpp.obj)
                              build/src/robot-config.o (vex::brain::brain())
c:\Users\jayan\AppData\Roaming\Code\User\globalStorage\vexrobotics.vexcode\sdk\cpp\V5\V5_20240802_15_00_00/vexv5\libv5rt.a(vex_competition.cpp.obj)
                              build/src/main.o (vex::competition::competition())
c:\Users\jayan\AppData\Roaming\Code\User\globalStorage\vexrobotics.vexcode\sdk\cpp\V5\V5_20240802_15_00_00/vexv5\libv5rt.a(vex_triport.cpp.obj)
                              build/src/main.o (vex::triport::~triport())
c:\Users\jayan\AppData\Roaming\Code\User\globalStorage\vexrobotics.vexcode\sdk\cpp\V5\V5_20240802_15_00_00/vexv5\libv5rt.a(vex_color.cpp.obj)
[...]
Memory Configuration

Name             Origin             Length             Attributes
ps7_ddr_0_S_AXI_BASEADDR 0x03800000         0x04800000
*default*        0x00000000         0xffffffff

Linker script and memory map

                0x00002000                _STACK_SIZE = DEFINED (_STACK_SIZE)?_STACK_SIZE:0x2000
                0x00100000                _HEAP_SIZE = DEFINED (_HEAP_SIZE)?_HEAP_SIZE:0x100000
                0x00000400                _ABORT_STACK_SIZE = DEFINED (_ABORT_STACK_SIZE)?_ABORT_STACK_SIZE:0x400
                0x00000800                _SUPERVISOR_STACK_SIZE = DEFINED (_SUPERVISOR_STACK_SIZE)?_SUPERVISOR_STACK_SIZE:0x800
                0x00000400                _IRQ_STACK_SIZE = DEFINED (_IRQ_STACK_SIZE)?_IRQ_STACK_SIZE:0x400
                0x00000400                _FIQ_STACK_SIZE = DEFINED (_FIQ_STACK_SIZE)?_FIQ_STACK_SIZE:0x400
                0x00000400                _UNDEF_STACK_SIZE = DEFINED (_UNDEF_STACK_SIZE)?_UNDEF_STACK_SIZE:0x400

.text           0x03800000     0x5120
 *(.vectors)
 *(.boot_data)
 .boot_data     0x03800000       0x20 c:\Users\jayan\AppData\Roaming\Code\User\globalStorage\vexrobotics.vexcode\sdk\cpp\V5\V5_20240802_15_00_00/vexv5\libv5rt.a(v5_startup.c.obj)
                0x03800000                vexCodeSig
                0x00000020                . = 0x20
 *(.boot)
 .boot          0x03800020       0xbc c:\Users\jayan\AppData\Roaming\Code\User\globalStorage\vexrobotics.vexcode\sdk\cpp\V5\V5_20240802_15_00_00/vexv5\libv5rt.a(v5_startup.c.obj)
                0x03800020                vexStartup
                0x03800100                . = ALIGN (0x40)
 *fill*         0x038000dc       0x24 
 *(.freertos_vectors)
 *(.text)
 *(.text.*)
 .text._ZN3vex11motor_groupC2IJNS_5motorES2_EEERS2_DpRT_
                0x03800100       0x44 build/src/main.o
                0x03800100                vex::motor_group::motor_group<vex::motor, vex::motor>(vex::motor&, vex::motor&, vex::motor&)
 .text._ZN5DriveD2Ev
                0x03800144       0x7c build/src/main.o
                0x03800144                Drive::~Drive()
 .text._Z9pre_autonv
                0x038001c0      0x258 build/src/main.o
                0x038001c0                pre_auton()
 .text._Z10autonomousv
                0x03800418       0x28 build/src/main.o
                0x03800418                autonomous()
 .text._Z11usercontrolv
                0x03800440      0x450 build/src/main.o
                0x03800440                usercontrol()
 .text.main     0x03800890       0x68 build/src/main.o
                0x03800890                main
 .text._GLOBAL__sub_I_main.cpp
                0x038008f8      0x17c build/src/main.o
 .text._Z17default_constantsv
                0x03800a74      0x108 build/src/autons.o
                0x03800a74                default_constants()
 *fill*         0x03800b7c        0x4 
 .text._Z8newroutev
                0x03800b80      0xa20 build/src/autons.o
                0x03800b80                newroute()
 .text._GLOBAL__sub_I_autons.cpp
                0x038015a0       0x30 build/src/autons.o
 .text._Z11vexcodeInitv
                0x038015d0        0x4 build/src/robot-config.o
                0x038015d0                vexcodeInit()
 .text._GLOBAL__sub_I_robot_config.cpp
                0x038015d4      0x3ac build/src/robot-config.o
 .text._Z15reduce_0_to_360f
                0x03801980       0x7c build/src/JAR-Template/util.o
                0x03801980                reduce_0_to_360(float)
 .text._Z26reduce_negative_180_to_180f
                0x038019fc       0x90 build/src/JAR-Template/util.o
                0x038019fc                reduce_negative_180_to_180(float)
 .text._Z5clampfff
                0x03801a8c       0x2c build/src/JAR-Template/util.o
                0x03801a8c                clamp(float, float, float)
 .text._Z11is_reversedd
                0x03801ab8       0x18 build/src/JAR-Template/util.o
                0x03801ab8                is_reversed(double)
 .text._Z7to_porti
                0x03801ad0       0x10 build/src/JAR-Template/util.o
                0x03801ad0                to_port(int)
 .text._GLOBAL__sub_I_util.cpp
                0x03801ae0       0x34 build/src/JAR-Template/util.o
 .text._ZN4Odom22set_physical_distancesEff
                0x03801b14        0x8 build/src/JAR-Template/odom.o
                0x03801b14                Odom::set_physical_distances(float, float)
 *fill*         0x03801b1c        0x4 
 .text._ZN5DriveC2E11drive_setupN3vex11motor_groupES2_ifffiiiiiffiff
                0x03801b20      0x268 build/src/JAR-Template/drive.o
                0x03801b20                Drive::Drive(drive_setup, vex::motor_group, vex::motor_group, int, float, float, float, int, int, int, int, int, float, float, int, float, float)
                0x03801b20                Drive::Drive(drive_setup, vex::motor_group, vex::motor_group, int, float, float, float, int, int, int, int, int, float, float, int, float, float)
 .text._ZN5Drive18drive_with_voltageEff
                0x03801d88       0x6c build/src/JAR-Template/drive.o
                0x03801d88                Drive::drive_with_voltage(float, float)
 .text._ZN5Drive18set_turn_constantsEfffff
                0x03801df4       0x1c build/src/JAR-Template/drive.o
                0x03801df4                Drive::set_turn_constants(float, float, float, float, float)
 .text._ZN5Drive19set_drive_constantsEfffff
                0x03801e10       0x1c build/src/JAR-Template/drive.o
                0x03801e10                Drive::set_drive_constants(float, float, float, float, float)
 .text._ZN5Drive21set_heading_constantsEfffff
                0x03801e2c       0x1c build/src/JAR-Template/drive.o
                0x03801e2c                Drive::set_heading_constants(float, float, float, float, float)
 .text._ZN5Drive19set_swing_constantsEfffff
                0x03801e48       0x1c build/src/JAR-Template/drive.o
                0x03801e48                Drive::set_swing_constants(float, float, float, float, float)
 .text._ZN5Drive24set_turn_exit_conditionsEfff
                0x03801e64        0xc build/src/JAR-Template/drive.o
                0x03801e64                Drive::set_turn_exit_conditions(float, float, float)
 .text._ZN5Drive25set_drive_exit_conditionsEfff
                0x03801e70        0xc build/src/JAR-Template/drive.o
                0x03801e70                Drive::set_drive_exit_conditions(float, float, float)
 .text._ZN5Drive25set_swing_exit_conditionsEfff
                0x03801e7c        0xc build/src/JAR-Template/drive.o
                0x03801e7c                Drive::set_swing_exit_conditions(float, float, float)
 .text._ZN5Drive20get_absolute_headingEv
                0x03801e88       0x48 build/src/JAR-Template/drive.o
                0x03801e88                Drive::get_absolute_heading()
 .text._ZN5Drive13turn_to_angleEf
                0x03801ed0       0x50 build/src/JAR-Template/drive.o
                0x03801ed0                Drive::turn_to_angle(float)
 .text._ZN5Drive13turn_to_angleEfffffffff
                0x03801f20      0x150 build/src/JAR-Template/drive.o
                0x03801f20                Drive::turn_to_angle(float, float, float, float, float, float, float, float, float)
 .text._ZN5Drive14drive_distanceEf
                0x03802070       0xc8 build/src/JAR-Template/drive.o
                0x03802070                Drive::drive_distance(float)
 .text._ZN5Drive14drive_distanceEfffffffffffffff
                0x03802138      0x3f8 build/src/JAR-Template/drive.o
                0x03802138                Drive::drive_distance(float, float, float, float, float, float, float, float, float, float, float, float, float, float, float)
 .text._ZN5Drive14drive_distanceEff
                0x03802530       0x7c build/src/JAR-Template/drive.o
                0x03802530                Drive::drive_distance(float, float)
 .text._ZN3PIDC2Efffff
                0x038025ac       0x38 build/src/JAR-Template/PID.o
                0x038025ac                PID::PID(float, float, float, float, float)
                0x038025ac                PID::PID(float, float, float, float, float)
 .text._ZN3PIDC2Effffffff
                0x038025e4       0x50 build/src/JAR-Template/PID.o
                0x038025e4                PID::PID(float, float, float, float, float, float, float, float)
                0x038025e4                PID::PID(float, float, float, float, float, float, float, float)
 .text._ZN3PID7computeEf
                0x03802634       0xd0 build/src/JAR-Template/PID.o
                0x03802634                PID::compute(float)
 .text._ZN3PID10is_settledEv
                0x03802704       0x44 build/src/JAR-Template/PID.o
                0x03802704                PID::is_settled()
 .text.vexMain  0x03802748       0xb0 c:\Users\jayan\AppData\Roaming\Code\User\globalStorage\vexrobotics.vexcode\sdk\cpp\V5\V5_20240802_15_00_00/vexv5\libv5rt.a(v5_startup.c.obj)
                0x03802748                vexMain
 .text.__vex_function_prolog
                0x038027f8       0x18 c:\Users\jayan\AppData\Roaming\Code\User\globalStorage\vexrobotics.vexcode\sdk\cpp\V5\V5_20240802_15_00_00/vexv5\libv5rt.a(v5_startup.c.obj)
                0x038027f8                __vex_function_prolog
 .text._init    0x03802810        0x4 c:\Users\jayan\AppData\Roaming\Code\User\globalStorage\vexrobotics.vexcode\sdk\cpp\V5\V5_20240802_15_00_00/vexv5\libv5rt.a(v5_startup.c.obj)
                0x03802810                _init
 .text._fini    0x03802814        0x4 c:\Users\jayan\AppData\Roaming\Code\User\globalStorage\vexrobotics.vexcode\sdk\cpp\V5\V5_20240802_15_00_00/vexv5\libv5rt.a(v5_startup.c.obj)
                0x03802814                _fini
 .text.vexStdlibVersionLinked
                0x03802818        0xc c:\Users\jayan\AppData\Roaming\Code\User\globalStorage\vexrobotics.vexcode\sdk\cpp\V5\V5_20240802_15_00_00/vexv5\libv5rt.a(v5_util.c.obj)
                0x03802818                vexStdlibVersionLinked
 .text.vexStdlibVersionVerify
                0x03802824       0x30 c:\Users\jayan\AppData\Roaming\Code\User\globalStorage\vexrobotics.vexcode\sdk\cpp\V5\V5_20240802_15_00_00/vexv5\libv5rt.a(v5_util.c.obj)
                0x03802824                vexStdlibVersionVerify
 .text.vexPrivateApiEnable
                0x03802854       0x10 c:\Users\jayan\AppData\Roaming\Code\User\globalStorage\vexrobotics.vexcode\sdk\cpp\V5\V5_20240802_15_00_00/vexv5\libv5rt.a(v5_apijump.c.obj)
                0x03802854                vexPrivateApiEnable
 .text.vexStdlibMismatchError
                0x03802864       0x3c c:\Users\jayan\AppData\Roaming\Code\User\globalStorage\vexrobotics.vexcode\sdk\cpp\V5\V5_20240802_15_00_00/vexv5\libv5rt.a(v5_apijump.c.obj)
                0x03802864                vexStdlibMismatchError
 .text.vexTaskAdd
                0x038028a0       0x10 c:\Users\jayan\AppData\Roaming\Code\User\globalStorage\vexrobotics.vexcode\sdk\cpp\V5\V5_20240802_15_00_00/vexv5\libv5rt.a(v5_apijump.c.obj)
                0x038028a0                vexTaskAdd
 .text.vexTasksRun
                0x038028b0       0x10 c:\Users\jayan\AppData\Roaming\Code\User\globalStorage\vexrobotics.vexcode\sdk\cpp\V5\V5_20240802_15_00_00/vexv5\libv5rt.a(v5_apijump.c.obj)
                0x038028b0                vexTasksRun
 .text.vexTaskYield
                0x038028c0       0x10 c:\Users\jayan\AppData\Roaming\Code\User\globalStorage\vexrobotics.vexcode\sdk\cpp\V5\V5_20240802_15_00_00/vexv5\libv5rt.a(v5_apijump.c.obj)
                0x038028c0                vexTaskYield
 .text.vexTaskCheckTimeslice
                0x038028d0       0x10 c:\Users\jayan\AppData\Roaming\Code\User\globalStorage\vexrobotics.vexcode\sdk\cpp\V5\V5_20240802_15_00_00/vexv5\libv5rt.a(v5_apijump.c.obj)
                0x038028d0                vexTaskCheckTimeslice
 .text.vexTaskGetIndex
                0x038028e0       0x10 c:\Users\jayan\AppData\Roaming\Code\User\globalStorage\vexrobotics.vexcode\sdk\cpp\V5\V5_20240802_15_00_00/vexv5\libv5rt.a(v5_apijump.c.obj)
                0x038028e0                vexTaskGetIndex
 .text.vexTaskSleep
                0x038028f0       0x10 c:\Users\jayan\AppData\Roaming\Code\User\globalStorage\vexrobotics.vexcode\sdk\cpp\V5\V5_20240802_15_00_00/vexv5\libv5rt.a(v5_apijump.c.obj)
                0x038028f0                vexTaskSleep
 .text.vexTasksDump
                0x03802900       0x1c c:\Users\jayan\AppData\Roaming\Code\User\globalStorage\vexrobotics.vexcode\sdk\cpp\V5\V5_20240802_15_00_00/vexv5\libv5rt.a(v5_apijump.c.obj)
                0x03802900                vexTasksDump
 .text.vexTaskGetTaskIndex
                0x0380291c       0x10 c:\Users\jayan\AppData\Roaming\Code\User\globalStorage\vexrobotics.vexcode\sdk\cpp\V5\V5_20240802_15_00_00/vexv5\libv5rt.a(v5_apijump.c.obj)
                0x0380291c                vexTaskGetTaskIndex
 .text.vexTaskStopAll
                0x0380292c       0x10 c:\Users\jayan\AppData\Roaming\Code\User\globalStorage\vexrobotics.vexcode\sdk\cpp\V5\V5_20240802_15_00_00/vexv5\libv5rt.a(v5_apijump.c.obj)
                0x0380292c                vexTaskStopAll
 .text.vexTaskRemoveAllUser
                0x0380293c       0x34 c:\Users\jayan\AppData\Roaming\Code\User\globalStorage\vexrobotics.vexcode\sdk\cpp\V5\V5_20240802_15_00_00/vexv5\libv5rt.a(v5_apijump.c.obj)
                0x0380293c                vexTaskRemoveAllUser
 .text.vexTaskCompletionIdSet
                0x03802970       0x10 c:\Users\jayan\AppData\Roaming\Code\User\globalStorage\vexrobotics.vexcode\sdk\cpp\V5\V5_20240802_15_00_00/vexv5\libv5rt.a(v5_apijump.c.obj)
                0x03802970                vexTaskCompletionIdSet
 .text.vexTaskStopWithId
                0x03802980       0x10 c:\Users\jayan\AppData\Roaming\Code\User\globalStorage\vexrobotics.vexcode\sdk\cpp\V5\V5_20240802_15_00_00/vexv5\libv5rt.a(v5_apijump.c.obj)
                0x03802980                vexTaskStopWithId
 .text.vexTaskGetCallbackAndId
                0x03802990       0x54 c:\Users\jayan\AppData\Roaming\Code\User\globalStorage\vexrobotics.vexcode\sdk\cpp\V5\V5_20240802_15_00_00/vexv5\libv5rt.a(v5_apijump.c.obj)
                0x03802990                vexTaskGetCallbackAndId
 .text.vexCriticalSection
                0x038029e4       0x2c c:\Users\jayan\AppData\Roaming\Code\User\globalStorage\vexrobotics.vexcode\sdk\cpp\V5\V5_20240802_15_00_00/vexv5\libv5rt.a(v5_apijump.c.obj)
                0x038029e4                vexCriticalSection
 .text.vexEventAdd
                0x03802a10       0x34 c:\Users\jayan\AppData\Roaming\Code\User\globalStorage\vexrobotics.vexcode\sdk\cpp\V5\V5_20240802_15_00_00/vexv5\libv5rt.a(v5_apijump.c.obj)
                0x03802a10                vexEventAdd
 .text.vexEventUserIndexGet
                0x03802a44       0x1c c:\Users\jayan\AppData\Roaming\Code\User\globalStorage\vexrobotics.vexcode\sdk\cpp\V5\V5_20240802_15_00_00/vexv5\libv5rt.a(v5_apijump.c.obj)
                0x03802a44                vexEventUserIndexGet
 .text.vexEventAddWithArg
                0x03802a60       0x3c c:\Users\jayan\AppData\Roaming\Code\User\globalStorage\vexrobotics.vexcode\sdk\cpp\V5\V5_20240802_15_00_00/vexv5\libv5rt.a(v5_apijump.c.obj)
                0x03802a60                vexEventAddWithArg
 .text.vexEventsCleanup
                0x03802a9c       0x2c c:\Users\jayan\AppData\Roaming\Code\User\globalStorage\vexrobotics.vexcode\sdk\cpp\V5\V5_20240802_15_00_00/vexv5\libv5rt.a(v5_apijump.c.obj)
                0x03802a9c                vexEventsCleanup
 .text.vexDebug
                0x03802ac8       0x38 c:\Users\jayan\AppData\Roaming\Code\User\globalStorage\vexrobotics.vexcode\sdk\cpp\V5\V5_20240802_15_00_00/vexv5\libv5rt.a(v5_apijump.c.obj)
                0x03802ac8                vexDebug
 .text.vex_sprintf
                0x03802b00       0x40 c:\Users\jayan\AppData\Roaming\Code\User\globalStorage\vexrobotics.vexcode\sdk\cpp\V5\V5_20240802_15_00_00/vexv5\libv5rt.a(v5_apijump.c.obj)
                0x03802b00                vex_sprintf
 .text.vexSystemTimeGet
                0x03802b40       0x1c c:\Users\jayan\AppData\Roaming\Code\User\globalStorage\vexrobotics.vexcode\sdk\cpp\V5\V5_20240802_15_00_00/vexv5\libv5rt.a(v5_apijump.c.obj)
                0x03802b40                vexSystemTimeGet
 .text.vexSystemExitRequest
                0x03802b5c       0x1c c:\Users\jayan\AppData\Roaming\Code\User\globalStorage\vexrobotics.vexcode\sdk\cpp\V5\V5_20240802_15_00_00/vexv5\libv5rt.a(v5_apijump.c.obj)
                0x03802b5c                vexSystemExitRequest
 .text.vexDeviceGetByIndex
                0x03802b78       0x24 c:\Users\jayan\AppData\Roaming\Code\User\globalStorage\vexrobotics.vexcode\sdk\cpp\V5\V5_20240802_15_00_00/vexv5\libv5rt.a(v5_apijump.c.obj)
                0x03802b78                vexDeviceGetByIndex
 .text.vexControllerGet
                0x03802b9c       0x2c c:\Users\jayan\AppData\Roaming\Code\User\globalStorage\vexrobotics.vexcode\sdk\cpp\V5\V5_20240802_15_00_00/vexv5\libv5rt.a(v5_apijump.c.obj)
                0x03802b9c                vexControllerGet
 .text.vexDeviceAdiPortConfigSet
                0x03802bc8       0x34 c:\Users\jayan\AppData\Roaming\Code\User\globalStorage\vexrobotics.vexcode\sdk\cpp\V5\V5_20240802_15_00_00/vexv5\libv5rt.a(v5_apijump.c.obj)
                0x03802bc8                vexDeviceAdiPortConfigSet
 .text.vexDeviceAdiPortConfigGet
                0x03802bfc       0x2c c:\Users\jayan\AppData\Roaming\Code\User\globalStorage\vexrobotics.vexcode\sdk\cpp\V5\V5_20240802_15_00_00/vexv5\libv5rt.a(v5_apijump.c.obj)
                0x03802bfc                vexDeviceAdiPortConfigGet
 .text.vexDeviceAdiValueSet
                0x03802c28       0x34 c:\Users\jayan\AppData\Roaming\Code\User\globalStorage\vexrobotics.vexcode\sdk\cpp\V5\V5_20240802_15_00_00/vexv5\libv5rt.a(v5_apijump.c.obj)
                0x03802c28                vexDeviceAdiValueSet
 .text.vexDeviceMotorVelocitySet
                0x03802c5c       0x2c c:\Users\jayan\AppData\Roaming\Code\User\globalStorage\vexrobotics.vexcode\sdk\cpp\V5\V5_20240802_15_00_00/vexv5\libv5rt.a(v5_apijump.c.obj)
                0x03802c5c                vexDeviceMotorVelocitySet
 .text.vexDeviceMotorVoltageSet
                0x03802c88       0x2c c:\Users\jayan\AppData\Roaming\Code\User\globalStorage\vexrobotics.vexcode\sdk\cpp\V5\V5_20240802_15_00_00/vexv5\libv5rt.a(v5_apijump.c.obj)
                0x03802c88                vexDeviceMotorVoltageSet
 .text.vexDeviceMotorActualVelocityGet
                0x03802cb4       0x24 c:\Users\jayan\AppData\Roaming\Code\User\globalStorage\vexrobotics.vexcode\sdk\cpp\V5\V5_20240802_15_00_00/vexv5\libv5rt.a(v5_apijump.c.obj)
                0x03802cb4                vexDeviceMotorActualVelocityGet
 .text.vexDeviceMotorReverseFlagSet
                0x03802cd8       0x2c c:\Users\jayan\AppData\Roaming\Code\User\globalStorage\vexrobotics.vexcode\sdk\cpp\V5\V5_20240802_15_00_00/vexv5\libv5rt.a(v5_apijump.c.obj)
                0x03802cd8                vexDeviceMotorReverseFlagSet
 .text.vexDeviceMotorEncoderUnitsSet
                0x03802d04       0x2c c:\Users\jayan\AppData\Roaming\Code\User\globalStorage\vexrobotics.vexcode\sdk\cpp\V5\V5_20240802_15_00_00/vexv5\libv5rt.a(v5_apijump.c.obj)
                0x03802d04                vexDeviceMotorEncoderUnitsSet
 .text.vexDeviceMotorBrakeModeSet
                0x03802d30       0x2c c:\Users\jayan\AppData\Roaming\Code\User\globalStorage\vexrobotics.vexcode\sdk\cpp\V5\V5_20240802_15_00_00/vexv5\libv5rt.a(v5_apijump.c.obj)
                0x03802d30                vexDeviceMotorBrakeModeSet
 .text.vexDeviceMotorPositionSet
                0x03802d5c       0x34 c:\Users\jayan\AppData\Roaming\Code\User\globalStorage\vexrobotics.vexcode\sdk\cpp\V5\V5_20240802_15_00_00/vexv5\libv5rt.a(v5_apijump.c.obj)
                0x03802d5c                vexDeviceMotorPositionSet
 .text.vexDeviceMotorPositionGet
                0x03802d90       0x24 c:\Users\jayan\AppData\Roaming\Code\User\globalStorage\vexrobotics.vexcode\sdk\cpp\V5\V5_20240802_15_00_00/vexv5\libv5rt.a(v5_apijump.c.obj)
                0x03802d90                vexDeviceMotorPositionGet
 .text.vexDeviceMotorGearingSet
                0x03802db4       0x2c c:\Users\jayan\AppData\Roaming\Code\User\globalStorage\vexrobotics.vexcode\sdk\cpp\V5\V5_20240802_15_00_00/vexv5\libv5rt.a(v5_apijump.c.obj)
                0x03802db4                vexDeviceMotorGearingSet
 .text.vexDeviceMotorGearingGet
                0x03802de0       0x24 c:\Users\jayan\AppData\Roaming\Code\User\globalStorage\vexrobotics.vexcode\sdk\cpp\V5\V5_20240802_15_00_00/vexv5\libv5rt.a(v5_apijump.c.obj)
                0x03802de0                vexDeviceMotorGearingGet
 .text.vexDeviceImuReset
                0x03802e04       0x24 c:\Users\jayan\AppData\Roaming\Code\User\globalStorage\vexrobotics.vexcode\sdk\cpp\V5\V5_20240802_15_00_00/vexv5\libv5rt.a(v5_apijump.c.obj)
                0x03802e04                vexDeviceImuReset
 .text.vexDeviceImuHeadingGet
                0x03802e28       0x24 c:\Users\jayan\AppData\Roaming\Code\User\globalStorage\vexrobotics.vexcode\sdk\cpp\V5\V5_20240802_15_00_00/vexv5\libv5rt.a(v5_apijump.c.obj)
                0x03802e28                vexDeviceImuHeadingGet
 .text.vexDeviceImuDegreesGet
                0x03802e4c       0x24 c:\Users\jayan\AppData\Roaming\Code\User\globalStorage\vexrobotics.vexcode\sdk\cpp\V5\V5_20240802_15_00_00/vexv5\libv5rt.a(v5_apijump.c.obj)
                0x03802e4c                vexDeviceImuDegreesGet
 .text.vexDeviceImuStatusGet
                0x03802e70       0x24 c:\Users\jayan\AppData\Roaming\Code\User\globalStorage\vexrobotics.vexcode\sdk\cpp\V5\V5_20240802_15_00_00/vexv5\libv5rt.a(v5_apijump.c.obj)
                0x03802e70                vexDeviceImuStatusGet
 .text.vexDeviceAbsEncAngleGet
                0x03802e94       0x24 c:\Users\jayan\AppData\Roaming\Code\User\globalStorage\vexrobotics.vexcode\sdk\cpp\V5\V5_20240802_15_00_00/vexv5\libv5rt.a(v5_apijump.c.obj)
                0x03802e94                vexDeviceAbsEncAngleGet
 .text.vexDeviceAbsEncReverseFlagSet
                0x03802eb8       0x2c c:\Users\jayan\AppData\Roaming\Code\User\globalStorage\vexrobotics.vexcode\sdk\cpp\V5\V5_20240802_15_00_00/vexv5\libv5rt.a(v5_apijump.c.obj)
                0x03802eb8                vexDeviceAbsEncReverseFlagSet
 .text.vexDeviceDistanceDistanceGet
                0x03802ee4       0x24 c:\Users\jayan\AppData\Roaming\Code\User\globalStorage\vexrobotics.vexcode\sdk\cpp\V5\V5_20240802_15_00_00/vexv5\libv5rt.a(v5_apijump.c.obj)
                0x03802ee4                vexDeviceDistanceDistanceGet
 .text.vexDisplayForegroundColor
                0x03802f08       0x24 c:\Users\jayan\AppData\Roaming\Code\User\globalStorage\vexrobotics.vexcode\sdk\cpp\V5\V5_20240802_15_00_00/vexv5\libv5rt.a(v5_apijump.c.obj)
                0x03802f08                vexDisplayForegroundColor
 .text.vexDisplayBackgroundColor
                0x03802f2c       0x24 c:\Users\jayan\AppData\Roaming\Code\User\globalStorage\vexrobotics.vexcode\sdk\cpp\V5\V5_20240802_15_00_00/vexv5\libv5rt.a(v5_apijump.c.obj)
                0x03802f2c                vexDisplayBackgroundColor
 .text.vexDisplayBackgroundColorGet
                0x03802f50       0x1c c:\Users\jayan\AppData\Roaming\Code\User\globalStorage\vexrobotics.vexcode\sdk\cpp\V5\V5_20240802_15_00_00/vexv5\libv5rt.a(v5_apijump.c.obj)
                0x03802f50                vexDisplayBackgroundColorGet
 .text.vexDisplayRectClear
                0x03802f6c       0x4c c:\Users\jayan\AppData\Roaming\Code\User\globalStorage\vexrobotics.vexcode\sdk\cpp\V5\V5_20240802_15_00_00/vexv5\libv5rt.a(v5_apijump.c.obj)
                0x03802f6c                vexDisplayRectClear
 .text.vexDisplayVPrintf
                0x03802fb8       0x50 c:\Users\jayan\AppData\Roaming\Code\User\globalStorage\vexrobotics.vexcode\sdk\cpp\V5\V5_20240802_15_00_00/vexv5\libv5rt.a(v5_apijump.c.obj)
                0x03802fb8                vexDisplayVPrintf
 .text.vexDisplayTextReference
                0x03803008       0x24 c:\Users\jayan\AppData\Roaming\Code\User\globalStorage\vexrobotics.vexcode\sdk\cpp\V5\V5_20240802_15_00_00/vexv5\libv5rt.a(v5_apijump.c.obj)
                0x03803008                vexDisplayTextReference
 .text.vexDisplayTextSize
                0x0380302c       0x2c c:\Users\jayan\AppData\Roaming\Code\User\globalStorage\vexrobotics.vexcode\sdk\cpp\V5\V5_20240802_15_00_00/vexv5\libv5rt.a(v5_apijump.c.obj)
                0x0380302c                vexDisplayTextSize
 .text.vexDisplayFontNamedSet
                0x03803058       0x24 c:\Users\jayan\AppData\Roaming\Code\User\globalStorage\vexrobotics.vexcode\sdk\cpp\V5\V5_20240802_15_00_00/vexv5\libv5rt.a(v5_apijump.c.obj)
                0x03803058                vexDisplayFontNamedSet
 .text.vexSystemStdlibImpureDataAddr
                0x0380307c       0x28 c:\Users\jayan\AppData\Roaming\Code\User\globalStorage\vexrobotics.vexcode\sdk\cpp\V5\V5_20240802_15_00_00/vexv5\libv5rt.a(v5_apijump.c.obj)
                0x0380307c                vexSystemStdlibImpureDataAddr
 .text.vexSystemStdlibImpureDataSize
                0x038030a4       0x28 c:\Users\jayan\AppData\Roaming\Code\User\globalStorage\vexrobotics.vexcode\sdk\cpp\V5\V5_20240802_15_00_00/vexv5\libv5rt.a(v5_apijump.c.obj)
                0x038030a4                vexSystemStdlibImpureDataSize
 .text.vexSystemSaveUserData
                0x038030cc       0x3c c:\Users\jayan\AppData\Roaming\Code\User\globalStorage\vexrobotics.vexcode\sdk\cpp\V5\V5_20240802_15_00_00/vexv5\libv5rt.a(v5_apijump.c.obj)
                0x038030cc                vexSystemSaveUserData
 .text.vexTouchDataGet
                0x03803108       0x10 c:\Users\jayan\AppData\Roaming\Code\User\globalStorage\vexrobotics.vexcode\sdk\cpp\V5\V5_20240802_15_00_00/vexv5\libv5rt.a(v5_apijump.c.obj)
                0x03803108                vexTouchDataGet
 .text.vexDisplayThemeIdGet
                0x03803118       0x38 c:\Users\jayan\AppData\Roaming\Code\User\globalStorage\vexrobotics.vexcode\sdk\cpp\V5\V5_20240802_15_00_00/vexv5\libv5rt.a(v5_apijump.c.obj)
                0x03803118                vexDisplayThemeIdGet
 .text.vexBatteryCapacityGet
                0x03803150       0x1c c:\Users\jayan\AppData\Roaming\Code\User\globalStorage\vexrobotics.vexcode\sdk\cpp\V5\V5_20240802_15_00_00/vexv5\libv5rt.a(v5_apijump.c.obj)
                0x03803150                vexBatteryCapacityGet
 .text.vexDeviceEventMaskSet
                0x0380316c       0x48 c:\Users\jayan\AppData\Roaming\Code\User\globalStorage\vexrobotics.vexcode\sdk\cpp\V5\V5_20240802_15_00_00/vexv5\libv5rt.a(v5_apijump.c.obj)
                0x0380316c                vexDeviceEventMaskSet
 .text.vexDeviceEventMaskGet
                0x038031b4       0x3c c:\Users\jayan\AppData\Roaming\Code\User\globalStorage\vexrobotics.vexcode\sdk\cpp\V5\V5_20240802_15_00_00/vexv5\libv5rt.a(v5_apijump.c.obj)
                0x038031b4                vexDeviceEventMaskGet
 .text.vexSystemVersion
                0x038031f0       0x10 c:\Users\jayan\AppData\Roaming\Code\User\globalStorage\vexrobotics.vexcode\sdk\cpp\V5\V5_20240802_15_00_00/vexv5\libv5rt.a(v5_apiversions.c.obj)
                0x038031f0                vexSystemVersion
 .text.vexStdlibVersion
                0x03803200       0x10 c:\Users\jayan\AppData\Roaming\Code\User\globalStorage\vexrobotics.vexcode\sdk\cpp\V5\V5_20240802_15_00_00/vexv5\libv5rt.a(v5_apiversions.c.obj)
                0x03803200                vexStdlibVersion
 .text._ZN3vex4waitEdNS_9timeUnitsE
                0x03803210       0x30 c:\Users\jayan\AppData\Roaming\Code\User\globalStorage\vexrobotics.vexcode\sdk\cpp\V5\V5_20240802_15_00_00/vexv5\libv5rt.a(vex_global.cpp.obj)
                0x03803210                vex::wait(double, vex::timeUnits)
 .text._ZN3vex5motorD2Ev
                0x03803240       0x20 c:\Users\jayan\AppData\Roaming\Code\User\globalStorage\vexrobotics.vexcode\sdk\cpp\V5\V5_20240802_15_00_00/vexv5\libv5rt.a(vex_motor.cpp.obj)
                0x03803240                vex::motor::~motor()
                0x03803240                vex::motor::~motor()
 .text._ZN3vex5motorD0Ev
                0x03803260       0x1c c:\Users\jayan\AppData\Roaming\Code\User\globalStorage\vexrobotics.vexcode\sdk\cpp\V5\V5_20240802_15_00_00/vexv5\libv5rt.a(vex_motor.cpp.obj)
                0x03803260                vex::motor::~motor()
 .text._ZN3vex5motor9installedEv
                0x0380327c       0x18 c:\Users\jayan\AppData\Roaming\Code\User\globalStorage\vexrobotics.vexcode\sdk\cpp\V5\V5_20240802_15_00_00/vexv5\libv5rt.a(vex_motor.cpp.obj)
                0x0380327c                vex::motor::installed()
 .text._ZN3vex5motor15defaultStoppingENS_9brakeTypeE
                0x03803294       0x30 c:\Users\jayan\AppData\Roaming\Code\User\globalStorage\vexrobotics.vexcode\sdk\cpp\V5\V5_20240802_15_00_00/vexv5\libv5rt.a(vex_motor.cpp.obj)
                0x03803294                vex::motor::defaultStopping(vex::brakeType)
 .text._ZN3vex5motor11setStoppingENS_9brakeTypeE
                0x038032c4        0x4 c:\Users\jayan\AppData\Roaming\Code\User\globalStorage\vexrobotics.vexcode\sdk\cpp\V5\V5_20240802_15_00_00/vexv5\libv5rt.a(vex_motor.cpp.obj)
                0x038032c4                vex::motor::setStopping(vex::brakeType)
 .text._ZN3vex5motorC2El
                0x038032c8       0x78 c:\Users\jayan\AppData\Roaming\Code\User\globalStorage\vexrobotics.vexcode\sdk\cpp\V5\V5_20240802_15_00_00/vexv5\libv5rt.a(vex_motor.cpp.obj)
                0x038032c8                vex::motor::motor(long)
                0x038032c8                vex::motor::motor(long)
 .text._ZN3vex5motorC2ElNS_11gearSettingEb
                0x03803340       0x34 c:\Users\jayan\AppData\Roaming\Code\User\globalStorage\vexrobotics.vexcode\sdk\cpp\V5\V5_20240802_15_00_00/vexv5\libv5rt.a(vex_motor.cpp.obj)
                0x03803340                vex::motor::motor(long, vex::gearSetting, bool)
                0x03803340                vex::motor::motor(long, vex::gearSetting, bool)
 .text._ZN3vex5motorC2Elb
                0x03803374       0x24 c:\Users\jayan\AppData\Roaming\Code\User\globalStorage\vexrobotics.vexcode\sdk\cpp\V5\V5_20240802_15_00_00/vexv5\libv5rt.a(vex_motor.cpp.obj)
                0x03803374                vex::motor::motor(long, bool)
                0x03803374                vex::motor::motor(long, bool)
 .text._ZN3vex5motor4spinENS_13directionTypeEdNS_12voltageUnitsE
                0x03803398       0x50 c:\Users\jayan\AppData\Roaming\Code\User\globalStorage\vexrobotics.vexcode\sdk\cpp\V5\V5_20240802_15_00_00/vexv5\libv5rt.a(vex_motor.cpp.obj)
                0x03803398                vex::motor::spin(vex::directionType, double, vex::voltageUnits)
 .text._ZN3vex5motor4stopENS_9brakeTypeE
                0x038033e8       0x30 c:\Users\jayan\AppData\Roaming\Code\User\globalStorage\vexrobotics.vexcode\sdk\cpp\V5\V5_20240802_15_00_00/vexv5\libv5rt.a(vex_motor.cpp.obj)
                0x038033e8                vex::motor::stop(vex::brakeType)
 .text._ZN3vex5motor4stopEv
                0x03803418        0x8 c:\Users\jayan\AppData\Roaming\Code\User\globalStorage\vexrobotics.vexcode\sdk\cpp\V5\V5_20240802_15_00_00/vexv5\libv5rt.a(vex_motor.cpp.obj)
                0x03803418                vex::motor::stop()
 .text._ZN3vex5motor16velocityToScaledEdNS_13velocityUnitsE
                0x03803420       0x5c c:\Users\jayan\AppData\Roaming\Code\User\globalStorage\vexrobotics.vexcode\sdk\cpp\V5\V5_20240802_15_00_00/vexv5\libv5rt.a(vex_motor.cpp.obj)
                0x03803420                vex::motor::velocityToScaled(double, vex::velocityUnits)
 .text._ZN3vex5motor8velocityENS_13velocityUnitsE
                0x0380347c       0x30 c:\Users\jayan\AppData\Roaming\Code\User\globalStorage\vexrobotics.vexcode\sdk\cpp\V5\V5_20240802_15_00_00/vexv5\libv5rt.a(vex_motor.cpp.obj)
                0x0380347c                vex::motor::velocity(vex::velocityUnits)
 .text._ZN3vex5motor5valueEv
                0x038034ac       0x1c c:\Users\jayan\AppData\Roaming\Code\User\globalStorage\vexrobotics.vexcode\sdk\cpp\V5\V5_20240802_15_00_00/vexv5\libv5rt.a(vex_motor.cpp.obj)
                0x038034ac                vex::motor::value()
 .text._ZN3vex5motor16scaledToVelocityEdNS_13velocityUnitsE
                0x038034c8       0xa4 c:\Users\jayan\AppData\Roaming\Code\User\globalStorage\vexrobotics.vexcode\sdk\cpp\V5\V5_20240802_15_00_00/vexv5\libv5rt.a(vex_motor.cpp.obj)
                0x038034c8                vex::motor::scaledToVelocity(double, vex::velocityUnits)
 .text._ZN3vex5motor4spinENS_13directionTypeEdNS_13velocityUnitsE
                0x0380356c       0x5c c:\Users\jayan\AppData\Roaming\Code\User\globalStorage\vexrobotics.vexcode\sdk\cpp\V5\V5_20240802_15_00_00/vexv5\libv5rt.a(vex_motor.cpp.obj)
                0x0380356c                vex::motor::spin(vex::directionType, double, vex::velocityUnits)
 .text._ZN3vex5motor4spinENS_13directionTypeE
                0x038035c8       0x28 c:\Users\jayan\AppData\Roaming\Code\User\globalStorage\vexrobotics.vexcode\sdk\cpp\V5\V5_20240802_15_00_00/vexv5\libv5rt.a(vex_motor.cpp.obj)
                0x038035c8                vex::motor::spin(vex::directionType)
 .text._ZN3vex5motor11setVelocityEdNS_13velocityUnitsE
                0x038035f0       0x54 c:\Users\jayan\AppData\Roaming\Code\User\globalStorage\vexrobotics.vexcode\sdk\cpp\V5\V5_20240802_15_00_00/vexv5\libv5rt.a(vex_motor.cpp.obj)
                0x038035f0                vex::motor::setVelocity(double, vex::velocityUnits)
 .text._ZN3vex5motor16setRotationUnitsENS_13rotationUnitsE
                0x03803644       0x1c c:\Users\jayan\AppData\Roaming\Code\User\globalStorage\vexrobotics.vexcode\sdk\cpp\V5\V5_20240802_15_00_00/vexv5\libv5rt.a(vex_motor.cpp.obj)
                0x03803644                vex::motor::setRotationUnits(vex::rotationUnits)
 .text._ZN3vex5motor8positionENS_13rotationUnitsE
                0x03803660       0x44 c:\Users\jayan\AppData\Roaming\Code\User\globalStorage\vexrobotics.vexcode\sdk\cpp\V5\V5_20240802_15_00_00/vexv5\libv5rt.a(vex_motor.cpp.obj)
                0x03803660                vex::motor::position(vex::rotationUnits)
 .text._ZN3vex8inertial11getTurnTypeEv
                0x038036a4        0x8 c:\Users\jayan\AppData\Roaming\Code\User\globalStorage\vexrobotics.vexcode\sdk\cpp\V5\V5_20240802_15_00_00/vexv5\libv5rt.a(vex_imu.cpp.obj)
                0x038036a4                vex::inertial::getTurnType()
 .text._ZThn16_N3vex8inertial11getTurnTypeEv
                0x038036ac        0x8 c:\Users\jayan\AppData\Roaming\Code\User\globalStorage\vexrobotics.vexcode\sdk\cpp\V5\V5_20240802_15_00_00/vexv5\libv5rt.a(vex_imu.cpp.obj)
                0x038036ac                non-virtual thunk to vex::inertial::getTurnType()
 *fill*         0x038036b4        0x4 
 .text._ZN3vex8inertial10setHeadingEdNS_13rotationUnitsE
                0x038036b8       0x58 c:\Users\jayan\AppData\Roaming\Code\User\globalStorage\vexrobotics.vexcode\sdk\cpp\V5\V5_20240802_15_00_00/vexv5\libv5rt.a(vex_imu.cpp.obj)
                0x038036b8                vex::inertial::setHeading(double, vex::rotationUnits)
 .text._ZThn16_N3vex8inertial10setHeadingEdNS_13rotationUnitsE
                0x03803710        0x8 c:\Users\jayan\AppData\Roaming\Code\User\globalStorage\vexrobotics.vexcode\sdk\cpp\V5\V5_20240802_15_00_00/vexv5\libv5rt.a(vex_imu.cpp.obj)
                0x03803710                non-virtual thunk to vex::inertial::setHeading(double, vex::rotationUnits)
 .text._ZN3vex8inertial11setRotationEdNS_13rotationUnitsE
                0x03803718       0x58 c:\Users\jayan\AppData\Roaming\Code\User\globalStorage\vexrobotics.vexcode\sdk\cpp\V5\V5_20240802_15_00_00/vexv5\libv5rt.a(vex_imu.cpp.obj)
                0x03803718                vex::inertial::setRotation(double, vex::rotationUnits)
 .text._ZThn16_N3vex8inertial11setRotationEdNS_13rotationUnitsE
                0x03803770        0x8 c:\Users\jayan\AppData\Roaming\Code\User\globalStorage\vexrobotics.vexcode\sdk\cpp\V5\V5_20240802_15_00_00/vexv5\libv5rt.a(vex_imu.cpp.obj)
                0x03803770                non-virtual thunk to vex::inertial::setRotation(double, vex::rotationUnits)
 .text._ZN3vex8inertialD2Ev
                0x03803778       0x20 c:\Users\jayan\AppData\Roaming\Code\User\globalStorage\vexrobotics.vexcode\sdk\cpp\V5\V5_20240802_15_00_00/vexv5\libv5rt.a(vex_imu.cpp.obj)
                0x03803778                vex::inertial::~inertial()
                0x03803778                vex::inertial::~inertial()
 .text._ZThn16_N3vex8inertialD1Ev
                0x03803798        0x8 c:\Users\jayan\AppData\Roaming\Code\User\globalStorage\vexrobotics.vexcode\sdk\cpp\V5\V5_20240802_15_00_00/vexv5\libv5rt.a(vex_imu.cpp.obj)
                0x03803798                non-virtual thunk to vex::inertial::~inertial()
 .text._ZN3vex8inertialD0Ev
                0x038037a0       0x1c c:\Users\jayan\AppData\Roaming\Code\User\globalStorage\vexrobotics.vexcode\sdk\cpp\V5\V5_20240802_15_00_00/vexv5\libv5rt.a(vex_imu.cpp.obj)
                0x038037a0                vex::inertial::~inertial()
 .text._ZThn16_N3vex8inertialD0Ev
                0x038037bc        0x8 c:\Users\jayan\AppData\Roaming\Code\User\globalStorage\vexrobotics.vexcode\sdk\cpp\V5\V5_20240802_15_00_00/vexv5\libv5rt.a(vex_imu.cpp.obj)
                0x038037bc                non-virtual thunk to vex::inertial::~inertial()
 .text._ZN3vex8inertial9installedEv
                0x038037c4       0x18 c:\Users\jayan\AppData\Roaming\Code\User\globalStorage\vexrobotics.vexcode\sdk\cpp\V5\V5_20240802_15_00_00/vexv5\libv5rt.a(vex_imu.cpp.obj)
                0x038037c4                vex::inertial::installed()
 .text._ZN3vex8inertial5angleENS_13rotationUnitsE
                0x038037dc       0x6c c:\Users\jayan\AppData\Roaming\Code\User\globalStorage\vexrobotics.vexcode\sdk\cpp\V5\V5_20240802_15_00_00/vexv5\libv5rt.a(vex_imu.cpp.obj)
                0x038037dc                vex::inertial::angle(vex::rotationUnits)
 .text._ZThn16_N3vex8inertial5angleENS_13rotationUnitsE
                0x03803848        0x8 c:\Users\jayan\AppData\Roaming\Code\User\globalStorage\vexrobotics.vexcode\sdk\cpp\V5\V5_20240802_15_00_00/vexv5\libv5rt.a(vex_imu.cpp.obj)
                0x03803848                non-virtual thunk to vex::inertial::angle(vex::rotationUnits)
 .text._ZN3vex8inertial7headingENS_13rotationUnitsE
                0x03803850        0x4 c:\Users\jayan\AppData\Roaming\Code\User\globalStorage\vexrobotics.vexcode\sdk\cpp\V5\V5_20240802_15_00_00/vexv5\libv5rt.a(vex_imu.cpp.obj)
                0x03803850                vex::inertial::heading(vex::rotationUnits)
 .text._ZThn16_N3vex8inertial7headingENS_13rotationUnitsE
                0x03803854        0x8 c:\Users\jayan\AppData\Roaming\Code\User\globalStorage\vexrobotics.vexcode\sdk\cpp\V5\V5_20240802_15_00_00/vexv5\libv5rt.a(vex_imu.cpp.obj)
                0x03803854                non-virtual thunk to vex::inertial::heading(vex::rotationUnits)
 .text._ZN3vex8inertial5valueEv
                0x0380385c       0x1c c:\Users\jayan\AppData\Roaming\Code\User\globalStorage\vexrobotics.vexcode\sdk\cpp\V5\V5_20240802_15_00_00/vexv5\libv5rt.a(vex_imu.cpp.obj)
                0x0380385c                vex::inertial::value()
 .text._ZN3vex8inertial8rotationENS_13rotationUnitsE
                0x03803878       0x48 c:\Users\jayan\AppData\Roaming\Code\User\globalStorage\vexrobotics.vexcode\sdk\cpp\V5\V5_20240802_15_00_00/vexv5\libv5rt.a(vex_imu.cpp.obj)
                0x03803878                vex::inertial::rotation(vex::rotationUnits)
 .text._ZThn16_N3vex8inertial8rotationENS_13rotationUnitsE
                0x038038c0        0x8 c:\Users\jayan\AppData\Roaming\Code\User\globalStorage\vexrobotics.vexcode\sdk\cpp\V5\V5_20240802_15_00_00/vexv5\libv5rt.a(vex_imu.cpp.obj)
                0x038038c0                non-virtual thunk to vex::inertial::rotation(vex::rotationUnits)
 .text._ZN3vex8inertial13isCalibratingEv
                0x038038c8       0x38 c:\Users\jayan\AppData\Roaming\Code\User\globalStorage\vexrobotics.vexcode\sdk\cpp\V5\V5_20240802_15_00_00/vexv5\libv5rt.a(vex_imu.cpp.obj)
                0x038038c8                vex::inertial::isCalibrating()
 .text._ZThn16_N3vex8inertial13isCalibratingEv
                0x03803900        0x8 c:\Users\jayan\AppData\Roaming\Code\User\globalStorage\vexrobotics.vexcode\sdk\cpp\V5\V5_20240802_15_00_00/vexv5\libv5rt.a(vex_imu.cpp.obj)
                0x03803900                non-virtual thunk to vex::inertial::isCalibrating()
 .text._ZN3vex8inertialC2ElNS_8turnTypeE
                0x03803908       0x4c c:\Users\jayan\AppData\Roaming\Code\User\globalStorage\vexrobotics.vexcode\sdk\cpp\V5\V5_20240802_15_00_00/vexv5\libv5rt.a(vex_imu.cpp.obj)
                0x03803908                vex::inertial::inertial(long, vex::turnType)
                0x03803908                vex::inertial::inertial(long, vex::turnType)
 .text._ZN3vex8inertial16startCalibrationEl
                0x03803954       0x20 c:\Users\jayan\AppData\Roaming\Code\User\globalStorage\vexrobotics.vexcode\sdk\cpp\V5\V5_20240802_15_00_00/vexv5\libv5rt.a(vex_imu.cpp.obj)
                0x03803954                vex::inertial::startCalibration(long)
 .text._ZN3vex8inertial9calibrateEl
                0x03803974        0xc c:\Users\jayan\AppData\Roaming\Code\User\globalStorage\vexrobotics.vexcode\sdk\cpp\V5\V5_20240802_15_00_00/vexv5\libv5rt.a(vex_imu.cpp.obj)
                0x03803974                vex::inertial::calibrate(long)
                0x03803978                non-virtual thunk to vex::inertial::calibrate(long)
 .text._ZN3vex8rotationD2Ev
                0x03803980       0x20 c:\Users\jayan\AppData\Roaming\Code\User\globalStorage\vexrobotics.vexcode\sdk\cpp\V5\V5_20240802_15_00_00/vexv5\libv5rt.a(vex_rotation.cpp.obj)
                0x03803980                vex::rotation::~rotation()
                0x03803980                vex::rotation::~rotation()
 .text._ZN3vex8rotationD0Ev
                0x038039a0       0x1c c:\Users\jayan\AppData\Roaming\Code\User\globalStorage\vexrobotics.vexcode\sdk\cpp\V5\V5_20240802_15_00_00/vexv5\libv5rt.a(vex_rotation.cpp.obj)
                0x038039a0                vex::rotation::~rotation()
 .text._ZN3vex8rotation9installedEv
                0x038039bc       0x18 c:\Users\jayan\AppData\Roaming\Code\User\globalStorage\vexrobotics.vexcode\sdk\cpp\V5\V5_20240802_15_00_00/vexv5\libv5rt.a(vex_rotation.cpp.obj)
                0x038039bc                vex::rotation::installed()
 .text._ZN3vex8rotation5valueEv
                0x038039d4        0x8 c:\Users\jayan\AppData\Roaming\Code\User\globalStorage\vexrobotics.vexcode\sdk\cpp\V5\V5_20240802_15_00_00/vexv5\libv5rt.a(vex_rotation.cpp.obj)
                0x038039d4                vex::rotation::value()
 .text._ZN3vex8rotationC2Elb
                0x038039dc       0x30 c:\Users\jayan\AppData\Roaming\Code\User\globalStorage\vexrobotics.vexcode\sdk\cpp\V5\V5_20240802_15_00_00/vexv5\libv5rt.a(vex_rotation.cpp.obj)
                0x038039dc                vex::rotation::rotation(long, bool)
                0x038039dc                vex::rotation::rotation(long, bool)
 .text._ZN3vex8distanceD2Ev
                0x03803a0c       0x20 c:\Users\jayan\AppData\Roaming\Code\User\globalStorage\vexrobotics.vexcode\sdk\cpp\V5\V5_20240802_15_00_00/vexv5\libv5rt.a(vex_distance.cpp.obj)
                0x03803a0c                vex::distance::~distance()
                0x03803a0c                vex::distance::~distance()
 .text._ZN3vex8distanceD0Ev
                0x03803a2c       0x1c c:\Users\jayan\AppData\Roaming\Code\User\globalStorage\vexrobotics.vexcode\sdk\cpp\V5\V5_20240802_15_00_00/vexv5\libv5rt.a(vex_distance.cpp.obj)
                0x03803a2c                vex::distance::~distance()
 .text._ZN3vex8distance9installedEv
                0x03803a48       0x18 c:\Users\jayan\AppData\Roaming\Code\User\globalStorage\vexrobotics.vexcode\sdk\cpp\V5\V5_20240802_15_00_00/vexv5\libv5rt.a(vex_distance.cpp.obj)
                0x03803a48                vex::distance::installed()
 .text._ZN3vex8distance5valueEv
                0x03803a60        0x8 c:\Users\jayan\AppData\Roaming\Code\User\globalStorage\vexrobotics.vexcode\sdk\cpp\V5\V5_20240802_15_00_00/vexv5\libv5rt.a(vex_distance.cpp.obj)
                0x03803a60                vex::distance::value()
 .text._ZN3vex8distanceC2El
                0x03803a68       0x20 c:\Users\jayan\AppData\Roaming\Code\User\globalStorage\vexrobotics.vexcode\sdk\cpp\V5\V5_20240802_15_00_00/vexv5\libv5rt.a(vex_distance.cpp.obj)
                0x03803a68                vex::distance::distance(long)
                0x03803a68                vex::distance::distance(long)
 .text._ZN3vex8distance14objectDistanceENS_13distanceUnitsE
                0x03803a88       0x48 c:\Users\jayan\AppData\Roaming\Code\User\globalStorage\vexrobotics.vexcode\sdk\cpp\V5\V5_20240802_15_00_00/vexv5\libv5rt.a(vex_distance.cpp.obj)
                0x03803a88                vex::distance::objectDistance(vex::distanceUnits)
 .text._ZN3vex10controllerD2Ev
                0x03803ad0        0x4 c:\Users\jayan\AppData\Roaming\Code\User\globalStorage\vexrobotics.vexcode\sdk\cpp\V5\V5_20240802_15_00_00/vexv5\libv5rt.a(vex_controller.cpp.obj)
                0x03803ad0                vex::controller::~controller()
                0x03803ad0                vex::controller::~controller()
 .text._ZN3vex10controller5valueE19_V5_ControllerIndex
                0x03803ad4        0x8 c:\Users\jayan\AppData\Roaming\Code\User\globalStorage\vexrobotics.vexcode\sdk\cpp\V5\V5_20240802_15_00_00/vexv5\libv5rt.a(vex_controller.cpp.obj)
                0x03803ad4                vex::controller::value(_V5_ControllerIndex)
 .text._ZNK3vex10controller6button8pressingEv
                0x03803adc       0xc8 c:\Users\jayan\AppData\Roaming\Code\User\globalStorage\vexrobotics.vexcode\sdk\cpp\V5\V5_20240802_15_00_00/vexv5\libv5rt.a(vex_controller.cpp.obj)
                0x03803adc                vex::controller::button::pressing() const
 .text._ZNK3vex10controller6button21_buttonToPressedEventEv
                0x03803ba4       0x20 c:\Users\jayan\AppData\Roaming\Code\User\globalStorage\vexrobotics.vexcode\sdk\cpp\V5\V5_20240802_15_00_00/vexv5\libv5rt.a(vex_controller.cpp.obj)
                0x03803ba4                vex::controller::button::_buttonToPressedEvent() const
 .text._ZNK3vex10controller6button22_buttonToReleasedEventEv
                0x03803bc4       0x20 c:\Users\jayan\AppData\Roaming\Code\User\globalStorage\vexrobotics.vexcode\sdk\cpp\V5\V5_20240802_15_00_00/vexv5\libv5rt.a(vex_controller.cpp.obj)
                0x03803bc4                vex::controller::button::_buttonToReleasedEvent() const
 .text._ZN3vex10controller6buttonC2ENS0_11tButtonTypeEPS0_
                0x03803be4       0x48 c:\Users\jayan\AppData\Roaming\Code\User\globalStorage\vexrobotics.vexcode\sdk\cpp\V5\V5_20240802_15_00_00/vexv5\libv5rt.a(vex_controller.cpp.obj)
                0x03803be4                vex::controller::button::button(vex::controller::tButtonType, vex::controller*)
                0x03803be4                vex::controller::button::button(vex::controller::tButtonType, vex::controller*)
 .text._ZNK3vex10controller4axis5valueEv
                0x03803c2c       0x58 c:\Users\jayan\AppData\Roaming\Code\User\globalStorage\vexrobotics.vexcode\sdk\cpp\V5\V5_20240802_15_00_00/vexv5\libv5rt.a(vex_controller.cpp.obj)
                0x03803c2c                vex::controller::axis::value() const
 .text._ZNK3vex10controller4axis8positionENS_12percentUnitsE
                0x03803c84       0x1c c:\Users\jayan\AppData\Roaming\Code\User\globalStorage\vexrobotics.vexcode\sdk\cpp\V5\V5_20240802_15_00_00/vexv5\libv5rt.a(vex_controller.cpp.obj)
                0x03803c84                vex::controller::axis::position(vex::percentUnits) const
 .text._ZNK3vex10controller4axis23_joystickToChangedEventEv
                0x03803ca0       0x20 c:\Users\jayan\AppData\Roaming\Code\User\globalStorage\vexrobotics.vexcode\sdk\cpp\V5\V5_20240802_15_00_00/vexv5\libv5rt.a(vex_controller.cpp.obj)
                0x03803ca0                vex::controller::axis::_joystickToChangedEvent() const
 .text._ZN3vex10controller4axisC2ENS0_9tAxisTypeEPS0_
                0x03803cc0       0x2c c:\Users\jayan\AppData\Roaming\Code\User\globalStorage\vexrobotics.vexcode\sdk\cpp\V5\V5_20240802_15_00_00/vexv5\libv5rt.a(vex_controller.cpp.obj)
                0x03803cc0                vex::controller::axis::axis(vex::controller::tAxisType, vex::controller*)
                0x03803cc0                vex::controller::axis::axis(vex::controller::tAxisType, vex::controller*)
 .text._ZN3vex10controllerC2ENS_14controllerTypeE
                0x03803cec      0x16c c:\Users\jayan\AppData\Roaming\Code\User\globalStorage\vexrobotics.vexcode\sdk\cpp\V5\V5_20240802_15_00_00/vexv5\libv5rt.a(vex_controller.cpp.obj)
                0x03803cec                vex::controller::controller(vex::controllerType)
                0x03803cec                vex::controller::controller(vex::controllerType)
 .text._ZN3vex4taskC2Ev
                0x03803e58       0x28 c:\Users\jayan\AppData\Roaming\Code\User\globalStorage\vexrobotics.vexcode\sdk\cpp\V5\V5_20240802_15_00_00/vexv5\libv5rt.a(vex_task.cpp.obj)
                0x03803e58                vex::task::task()
                0x03803e58                vex::task::task()
 .text._ZN3vex4taskC2EPFivE
                0x03803e80       0x5c c:\Users\jayan\AppData\Roaming\Code\User\globalStorage\vexrobotics.vexcode\sdk\cpp\V5\V5_20240802_15_00_00/vexv5\libv5rt.a(vex_task.cpp.obj)
                0x03803e80                vex::task::task(int (*)())
                0x03803e80                vex::task::task(int (*)())
 .text._ZN3vex4taskD2Ev
                0x03803edc        0x4 c:\Users\jayan\AppData\Roaming\Code\User\globalStorage\vexrobotics.vexcode\sdk\cpp\V5\V5_20240802_15_00_00/vexv5\libv5rt.a(vex_task.cpp.obj)
                0x03803edc                vex::task::~task()
                0x03803edc                vex::task::~task()
 .text._ZN3vex4task4stopEPvi
                0x03803ee0       0x1c c:\Users\jayan\AppData\Roaming\Code\User\globalStorage\vexrobotics.vexcode\sdk\cpp\V5\V5_20240802_15_00_00/vexv5\libv5rt.a(vex_task.cpp.obj)
                0x03803ee0                vex::task::stop(void*, int)
 .text._ZN3vex4task5sleepEm
                0x03803efc        0x4 c:\Users\jayan\AppData\Roaming\Code\User\globalStorage\vexrobotics.vexcode\sdk\cpp\V5\V5_20240802_15_00_00/vexv5\libv5rt.a(vex_task.cpp.obj)
                0x03803efc                vex::task::sleep(unsigned long)
 .text._ZN3vex4task6_indexEPFivE
                0x03803f00       0x14 c:\Users\jayan\AppData\Roaming\Code\User\globalStorage\vexrobotics.vexcode\sdk\cpp\V5\V5_20240802_15_00_00/vexv5\libv5rt.a(vex_task.cpp.obj)
                0x03803f00                vex::task::_index(int (*)())
 .text._ZN3vex4task8_stopAllEv
                0x03803f14       0x3c c:\Users\jayan\AppData\Roaming\Code\User\globalStorage\vexrobotics.vexcode\sdk\cpp\V5\V5_20240802_15_00_00/vexv5\libv5rt.a(vex_task.cpp.obj)
                0x03803f14                vex::task::_stopAll()
 .text._ZN3vex11this_thread9sleep_forEm
                0x03803f50        0x4 c:\Users\jayan\AppData\Roaming\Code\User\globalStorage\vexrobotics.vexcode\sdk\cpp\V5\V5_20240802_15_00_00/vexv5\libv5rt.a(vex_thread.cpp.obj)
                0x03803f50                vex::this_thread::sleep_for(unsigned long)
 .text._ZN3vex5event4initEmmPFvvE
                0x03803f54        0x4 c:\Users\jayan\AppData\Roaming\Code\User\globalStorage\vexrobotics.vexcode\sdk\cpp\V5\V5_20240802_15_00_00/vexv5\libv5rt.a(vex_event.cpp.obj)
                0x03803f54                vex::event::init(unsigned long, unsigned long, void (*)())
 .text._ZN3vex5event4initEmmPFvPvES1_
                0x03803f58        0x4 c:\Users\jayan\AppData\Roaming\Code\User\globalStorage\vexrobotics.vexcode\sdk\cpp\V5\V5_20240802_15_00_00/vexv5\libv5rt.a(vex_event.cpp.obj)
                0x03803f58                vex::event::init(unsigned long, unsigned long, void (*)(void*), void*)
 .text._ZN3vex5event9userindexEv
                0x03803f5c        0x4 c:\Users\jayan\AppData\Roaming\Code\User\globalStorage\vexrobotics.vexcode\sdk\cpp\V5\V5_20240802_15_00_00/vexv5\libv5rt.a(vex_event.cpp.obj)
                0x03803f5c                vex::event::userindex()
 .text._ZZN3vex6meventC4EmmENUlvE_4_FUNEv
                0x03803f60        0x4 c:\Users\jayan\AppData\Roaming\Code\User\globalStorage\vexrobotics.vexcode\sdk\cpp\V5\V5_20240802_15_00_00/vexv5\libv5rt.a(vex_mevent.cpp.obj)
 .text._ZN3vex6meventC2Emm
                0x03803f64       0x70 c:\Users\jayan\AppData\Roaming\Code\User\globalStorage\vexrobotics.vexcode\sdk\cpp\V5\V5_20240802_15_00_00/vexv5\libv5rt.a(vex_mevent.cpp.obj)
                0x03803f64                vex::mevent::mevent(unsigned long, unsigned long)
                0x03803f64                vex::mevent::mevent(unsigned long, unsigned long)
 .text._ZN3vex5brain9_getIndexEv
                0x03803fd4       0x10 c:\Users\jayan\AppData\Roaming\Code\User\globalStorage\vexrobotics.vexcode\sdk\cpp\V5\V5_20240802_15_00_00/vexv5\libv5rt.a(vex_brain.cpp.obj)
                0x03803fd4                vex::brain::_getIndex()
 .text._ZN3vex5brain3lcd9setCursorEll
                0x03803fe4       0x44 c:\Users\jayan\AppData\Roaming\Code\User\globalStorage\vexrobotics.vexcode\sdk\cpp\V5\V5_20240802_15_00_00/vexv5\libv5rt.a(vex_brain.cpp.obj)
                0x03803fe4                vex::brain::lcd::setCursor(long, long)
 .text._ZN3vex5brain3lcd7setFontENS_8fontTypeE
                0x03804028      0x23c c:\Users\jayan\AppData\Roaming\Code\User\globalStorage\vexrobotics.vexcode\sdk\cpp\V5\V5_20240802_15_00_00/vexv5\libv5rt.a(vex_brain.cpp.obj)
                0x03804028                vex::brain::lcd::setFont(vex::fontType)
 .text._ZN3vex5brain3lcdC2Ev
                0x03804264       0x94 c:\Users\jayan\AppData\Roaming\Code\User\globalStorage\vexrobotics.vexcode\sdk\cpp\V5\V5_20240802_15_00_00/vexv5\libv5rt.a(vex_brain.cpp.obj)
                0x03804264                vex::brain::lcd::lcd()
                0x03804264                vex::brain::lcd::lcd()
 .text._ZN3vex5brainC2Ev
                0x038042f8       0x3c c:\Users\jayan\AppData\Roaming\Code\User\globalStorage\vexrobotics.vexcode\sdk\cpp\V5\V5_20240802_15_00_00/vexv5\libv5rt.a(vex_brain.cpp.obj)
                0x038042f8                vex::brain::brain()
                0x038042f8                vex::brain::brain()
 .text._ZN3vex5brain3lcd7printAtEllPKcz
                0x03804334       0x54 c:\Users\jayan\AppData\Roaming\Code\User\globalStorage\vexrobotics.vexcode\sdk\cpp\V5\V5_20240802_15_00_00/vexv5\libv5rt.a(vex_brain.cpp.obj)
                0x03804334                vex::brain::lcd::printAt(long, long, char const*, ...)
 .text._ZN3vex5brain3lcd12_clearScreenEm
                0x03804388       0x38 c:\Users\jayan\AppData\Roaming\Code\User\globalStorage\vexrobotics.vexcode\sdk\cpp\V5\V5_20240802_15_00_00/vexv5\libv5rt.a(vex_brain.cpp.obj)
                0x03804388                vex::brain::lcd::_clearScreen(unsigned long)
 .text._ZN3vex5brain3lcd11clearScreenERKNS_5colorE
                0x038043c0       0x20 c:\Users\jayan\AppData\Roaming\Code\User\globalStorage\vexrobotics.vexcode\sdk\cpp\V5\V5_20240802_15_00_00/vexv5\libv5rt.a(vex_brain.cpp.obj)
                0x038043c0                vex::brain::lcd::clearScreen(vex::color const&)
 .text._ZN3vex5brain3lcd11clearScreenEv
                0x038043e0       0x2c c:\Users\jayan\AppData\Roaming\Code\User\globalStorage\vexrobotics.vexcode\sdk\cpp\V5\V5_20240802_15_00_00/vexv5\libv5rt.a(vex_brain.cpp.obj)
                0x038043e0                vex::brain::lcd::clearScreen()
 .text._ZN3vex5brain3lcd8pressingEv
                0x0380440c       0x20 c:\Users\jayan\AppData\Roaming\Code\User\globalStorage\vexrobotics.vexcode\sdk\cpp\V5\V5_20240802_15_00_00/vexv5\libv5rt.a(vex_brain.cpp.obj)
                0x0380440c                vex::brain::lcd::pressing()
 .text._ZN3vex5brain7battery8capacityENS_12percentUnitsE
                0x0380442c       0x18 c:\Users\jayan\AppData\Roaming\Code\User\globalStorage\vexrobotics.vexcode\sdk\cpp\V5\V5_20240802_15_00_00/vexv5\libv5rt.a(vex_brain.cpp.obj)
                0x0380442c                vex::brain::battery::capacity(vex::percentUnits)
 .text._ZN3vex5brainD2Ev
                0x03804444       0x20 c:\Users\jayan\AppData\Roaming\Code\User\globalStorage\vexrobotics.vexcode\sdk\cpp\V5\V5_20240802_15_00_00/vexv5\libv5rt.a(vex_brain.cpp.obj)
                0x03804444                vex::brain::~brain()
                0x03804444                vex::brain::~brain()
 .text._ZN3vex11competition8_disableEPv
                0x03804464       0xa4 c:\Users\jayan\AppData\Roaming\Code\User\globalStorage\vexrobotics.vexcode\sdk\cpp\V5\V5_20240802_15_00_00/vexv5\libv5rt.a(vex_competition.cpp.obj)
                0x03804464                vex::competition::_disable(void*)
 .text._ZN3vex11competition11_autonomousEv
                0x03804508       0x80 c:\Users\jayan\AppData\Roaming\Code\User\globalStorage\vexrobotics.vexcode\sdk\cpp\V5\V5_20240802_15_00_00/vexv5\libv5rt.a(vex_competition.cpp.obj)
                0x03804508                vex::competition::_autonomous()
 .text._ZN3vex11competition14_drivercontrolEv
                0x03804588       0x80 c:\Users\jayan\AppData\Roaming\Code\User\globalStorage\vexrobotics.vexcode\sdk\cpp\V5\V5_20240802_15_00_00/vexv5\libv5rt.a(vex_competition.cpp.obj)
                0x03804588                vex::competition::_drivercontrol()
 .text._ZN3vex11competitionC2Ev
                0x03804608      0x13c c:\Users\jayan\AppData\Roaming\Code\User\globalStorage\vexrobotics.vexcode\sdk\cpp\V5\V5_20240802_15_00_00/vexv5\libv5rt.a(vex_competition.cpp.obj)
                0x03804608                vex::competition::competition()
                0x03804608                vex::competition::competition()
 .text._ZN3vex11competitionD2Ev
                0x03804744        0x4 c:\Users\jayan\AppData\Roaming\Code\User\globalStorage\vexrobotics.vexcode\sdk\cpp\V5\V5_20240802_15_00_00/vexv5\libv5rt.a(vex_competition.cpp.obj)
                0x03804744                vex::competition::~competition()
                0x03804744                vex::competition::~competition()
 .text._ZN3vex11competition10autonomousEPFvvE
                0x03804748       0x44 c:\Users\jayan\AppData\Roaming\Code\User\globalStorage\vexrobotics.vexcode\sdk\cpp\V5\V5_20240802_15_00_00/vexv5\libv5rt.a(vex_competition.cpp.obj)
                0x03804748                vex::competition::autonomous(void (*)())
 .text._ZN3vex11competition13drivercontrolEPFvvE
                0x0380478c       0x44 c:\Users\jayan\AppData\Roaming\Code\User\globalStorage\vexrobotics.vexcode\sdk\cpp\V5\V5_20240802_15_00_00/vexv5\libv5rt.a(vex_competition.cpp.obj)
                0x0380478c                vex::competition::drivercontrol(void (*)())
 .text._ZN3vex7triportD2Ev
                0x038047d0       0x38 c:\Users\jayan\AppData\Roaming\Code\User\globalStorage\vexrobotics.vexcode\sdk\cpp\V5\V5_20240802_15_00_00/vexv5\libv5rt.a(vex_triport.cpp.obj)
                0x038047d0                vex::triport::~triport()
                0x038047d0                vex::triport::~triport()
 .text._ZN3vex7triportD0Ev
                0x03804808       0x1c c:\Users\jayan\AppData\Roaming\Code\User\globalStorage\vexrobotics.vexcode\sdk\cpp\V5\V5_20240802_15_00_00/vexv5\libv5rt.a(vex_triport.cpp.obj)
                0x03804808                vex::triport::~triport()
 .text._ZN3vex7triport9installedEv
                0x03804824       0x18 c:\Users\jayan\AppData\Roaming\Code\User\globalStorage\vexrobotics.vexcode\sdk\cpp\V5\V5_20240802_15_00_00/vexv5\libv5rt.a(vex_triport.cpp.obj)
                0x03804824                vex::triport::installed()
 .text._ZN3vex7triport4portC2ElPS0_
                0x0380483c       0x74 c:\Users\jayan\AppData\Roaming\Code\User\globalStorage\vexrobotics.vexcode\sdk\cpp\V5\V5_20240802_15_00_00/vexv5\libv5rt.a(vex_triport.cpp.obj)
                0x0380483c                vex::triport::port::port(long, vex::triport*)
                0x0380483c                vex::triport::port::port(long, vex::triport*)
 .text._ZN3vex7triportC2El
                0x038048b0       0xf0 c:\Users\jayan\AppData\Roaming\Code\User\globalStorage\vexrobotics.vexcode\sdk\cpp\V5\V5_20240802_15_00_00/vexv5\libv5rt.a(vex_triport.cpp.obj)
                0x038048b0                vex::triport::triport(long)
                0x038048b0                vex::triport::triport(long)
 .text._ZN3vex7triport4port4typeENS_11triportTypeE
                0x038049a0       0x30 c:\Users\jayan\AppData\Roaming\Code\User\globalStorage\vexrobotics.vexcode\sdk\cpp\V5\V5_20240802_15_00_00/vexv5\libv5rt.a(vex_triport.cpp.obj)
                0x038049a0                vex::triport::port::type(vex::triportType)
 .text._ZN3vex7triport4port4typeEv
                0x038049d0       0x38 c:\Users\jayan\AppData\Roaming\Code\User\globalStorage\vexrobotics.vexcode\sdk\cpp\V5\V5_20240802_15_00_00/vexv5\libv5rt.a(vex_triport.cpp.obj)
                0x038049d0                vex::triport::port::type()
 .text._ZN3vex7triport4port5valueEl
                0x03804a08       0x18 c:\Users\jayan\AppData\Roaming\Code\User\globalStorage\vexrobotics.vexcode\sdk\cpp\V5\V5_20240802_15_00_00/vexv5\libv5rt.a(vex_triport.cpp.obj)
                0x03804a08                vex::triport::port::value(long)
 .text._ZN3vex11__trideviceC2ERNS_7triport4portENS_11triportTypeE
                0x03804a20       0x5c c:\Users\jayan\AppData\Roaming\Code\User\globalStorage\vexrobotics.vexcode\sdk\cpp\V5\V5_20240802_15_00_00/vexv5\libv5rt.a(vex_triport.cpp.obj)
                0x03804a20                vex::__tridevice::__tridevice(vex::triport::port&, vex::triportType)
                0x03804a20                vex::__tridevice::__tridevice(vex::triport::port&, vex::triportType)
 .text._ZN3vex11digital_outC2ERNS_7triport4portE
                0x03804a7c       0x18 c:\Users\jayan\AppData\Roaming\Code\User\globalStorage\vexrobotics.vexcode\sdk\cpp\V5\V5_20240802_15_00_00/vexv5\libv5rt.a(vex_triport.cpp.obj)
                0x03804a7c                vex::digital_out::digital_out(vex::triport::port&)
                0x03804a7c                vex::digital_out::digital_out(vex::triport::port&)
 .text._ZN3vex11digital_out3setEb
                0x03804a94        0x8 c:\Users\jayan\AppData\Roaming\Code\User\globalStorage\vexrobotics.vexcode\sdk\cpp\V5\V5_20240802_15_00_00/vexv5\libv5rt.a(vex_triport.cpp.obj)
                0x03804a94                vex::digital_out::set(bool)
 .text._ZN3vex3ledC2ERNS_7triport4portE
                0x03804a9c       0x14 c:\Users\jayan\AppData\Roaming\Code\User\globalStorage\vexrobotics.vexcode\sdk\cpp\V5\V5_20240802_15_00_00/vexv5\libv5rt.a(vex_triport.cpp.obj)
                0x03804a9c                vex::led::led(vex::triport::port&)
                0x03804a9c                vex::led::led(vex::triport::port&)
 .text._ZN3vex3ledD2Ev
                0x03804ab0        0x4 c:\Users\jayan\AppData\Roaming\Code\User\globalStorage\vexrobotics.vexcode\sdk\cpp\V5\V5_20240802_15_00_00/vexv5\libv5rt.a(vex_triport.cpp.obj)
                0x03804ab0                vex::led::~led()
                0x03804ab0                vex::led::~led()
 .text._ZN3vex3led2onEv
                0x03804ab4        0x8 c:\Users\jayan\AppData\Roaming\Code\User\globalStorage\vexrobotics.vexcode\sdk\cpp\V5\V5_20240802_15_00_00/vexv5\libv5rt.a(vex_triport.cpp.obj)
                0x03804ab4                vex::led::on()
 .text._ZN3vex3led3offEv
                0x03804abc        0x8 c:\Users\jayan\AppData\Roaming\Code\User\globalStorage\vexrobotics.vexcode\sdk\cpp\V5\V5_20240802_15_00_00/vexv5\libv5rt.a(vex_triport.cpp.obj)
                0x03804abc                vex::led::off()
 .text._ZN3vex7encoderC2ERNS_7triport4portE
                0x03804ac4       0x20 c:\Users\jayan\AppData\Roaming\Code\User\globalStorage\vexrobotics.vexcode\sdk\cpp\V5\V5_20240802_15_00_00/vexv5\libv5rt.a(vex_triport.cpp.obj)
                0x03804ac4                vex::encoder::encoder(vex::triport::port&)
                0x03804ac4                vex::encoder::encoder(vex::triport::port&)
 .text._ZN3vex7encoderD2Ev
                0x03804ae4        0x4 c:\Users\jayan\AppData\Roaming\Code\User\globalStorage\vexrobotics.vexcode\sdk\cpp\V5\V5_20240802_15_00_00/vexv5\libv5rt.a(vex_triport.cpp.obj)
                0x03804ae4                vex::encoder::~encoder()
                0x03804ae4                vex::encoder::~encoder()
 .text._ZN3vex5colorD2Ev
                0x03804ae8        0x4 c:\Users\jayan\AppData\Roaming\Code\User\globalStorage\vexrobotics.vexcode\sdk\cpp\V5\V5_20240802_15_00_00/vexv5\libv5rt.a(vex_color.cpp.obj)
                0x03804ae8                vex::color::~color()
                0x03804ae8                vex::color::~color()
 .text._ZNK3vex5colorcvmEv
                0x03804aec        0x8 c:\Users\jayan\AppData\Roaming\Code\User\globalStorage\vexrobotics.vexcode\sdk\cpp\V5\V5_20240802_15_00_00/vexv5\libv5rt.a(vex_color.cpp.obj)
                0x03804aec                vex::color::operator unsigned long() const
 .text.startup._GLOBAL__sub_I__ZN3vex5color5blackE
                0x03804af4      0x164 c:\Users\jayan\AppData\Roaming\Code\User\globalStorage\vexrobotics.vexcode\sdk\cpp\V5\V5_20240802_15_00_00/vexv5\libv5rt.a(vex_color.cpp.obj)
 .text._ZN3vex5timerD2Ev
                0x03804c58        0x4 c:\Users\jayan\AppData\Roaming\Code\User\globalStorage\vexrobotics.vexcode\sdk\cpp\V5\V5_20240802_15_00_00/vexv5\libv5rt.a(vex_timer.cpp.obj)
                0x03804c58                vex::timer::~timer()
                0x03804c58                vex::timer::~timer()
 .text._ZN3vex5timer5clearEv
                0x03804c5c       0x1c c:\Users\jayan\AppData\Roaming\Code\User\globalStorage\vexrobotics.vexcode\sdk\cpp\V5\V5_20240802_15_00_00/vexv5\libv5rt.a(vex_timer.cpp.obj)
                0x03804c5c                vex::timer::clear()
 .text._ZN3vex5timerC2Ev
                0x03804c78       0x14 c:\Users\jayan\AppData\Roaming\Code\User\globalStorage\vexrobotics.vexcode\sdk\cpp\V5\V5_20240802_15_00_00/vexv5\libv5rt.a(vex_timer.cpp.obj)
                0x03804c78                vex::timer::timer()
                0x03804c78                vex::timer::timer()
 .text._ZN3vex11motor_group18motor_group_motorsC2Ev
                0x03804c8c       0x28 c:\Users\jayan\AppData\Roaming\Code\User\globalStorage\vexrobotics.vexcode\sdk\cpp\V5\V5_20240802_15_00_00/vexv5\libv5rt.a(vex_motorgroup.cpp.obj)
                0x03804c8c                vex::motor_group::motor_group_motors::motor_group_motors()
                0x03804c8c                vex::motor_group::motor_group_motors::motor_group_motors()
 .text._ZN3vex11motor_group18motor_group_motorsC2ERKS1_
                0x03804cb4       0x20 c:\Users\jayan\AppData\Roaming\Code\User\globalStorage\vexrobotics.vexcode\sdk\cpp\V5\V5_20240802_15_00_00/vexv5\libv5rt.a(vex_motorgroup.cpp.obj)
                0x03804cb4                vex::motor_group::motor_group_motors::motor_group_motors(vex::motor_group::motor_group_motors const&)
                0x03804cb4                vex::motor_group::motor_group_motors::motor_group_motors(vex::motor_group::motor_group_motors const&)
 .text._ZN3vex11motor_groupC2Ev
                0x03804cd4       0x1c c:\Users\jayan\AppData\Roaming\Code\User\globalStorage\vexrobotics.vexcode\sdk\cpp\V5\V5_20240802_15_00_00/vexv5\libv5rt.a(vex_motorgroup.cpp.obj)
                0x03804cd4                vex::motor_group::motor_group()
                0x03804cd4                vex::motor_group::motor_group()
 .text._ZN3vex11motor_groupD2Ev
                0x03804cf0        0x4 c:\Users\jayan\AppData\Roaming\Code\User\globalStorage\vexrobotics.vexcode\sdk\cpp\V5\V5_20240802_15_00_00/vexv5\libv5rt.a(vex_motorgroup.cpp.obj)
                0x03804cf0                vex::motor_group::~motor_group()
                0x03804cf0                vex::motor_group::~motor_group()
 .text._ZN3vex11motor_group9_addMotorERNS_5motorE
                0x03804cf4       0x20 c:\Users\jayan\AppData\Roaming\Code\User\globalStorage\vexrobotics.vexcode\sdk\cpp\V5\V5_20240802_15_00_00/vexv5\libv5rt.a(vex_motorgroup.cpp.obj)
                0x03804cf4                vex::motor_group::_addMotor(vex::motor&)
 .text._ZN3vex11motor_group4spinENS_13directionTypeEdNS_12voltageUnitsE
                0x03804d14       0x54 c:\Users\jayan\AppData\Roaming\Code\User\globalStorage\vexrobotics.vexcode\sdk\cpp\V5\V5_20240802_15_00_00/vexv5\libv5rt.a(vex_motorgroup.cpp.obj)
                0x03804d14                vex::motor_group::spin(vex::directionType, double, vex::voltageUnits)
 .text._ZN3vex11motor_group8positionENS_13rotationUnitsE
                0x03804d68        0xc c:\Users\jayan\AppData\Roaming\Code\User\globalStorage\vexrobotics.vexcode\sdk\cpp\V5\V5_20240802_15_00_00/vexv5\libv5rt.a(vex_motorgroup.cpp.obj)
                0x03804d68                vex::motor_group::position(vex::rotationUnits)
 .text.vexAdiPortConfigSet
                0x03804d74       0x28 c:\Users\jayan\AppData\Roaming\Code\User\globalStorage\vexrobotics.vexcode\sdk\cpp\V5\V5_20240802_15_00_00/vexv5\libv5rt.a(v5_apiuser.c.obj)
                0x03804d74                vexAdiPortConfigSet
 .text.vexAdiPortConfigGet
                0x03804d9c       0x28 c:\Users\jayan\AppData\Roaming\Code\User\globalStorage\vexrobotics.vexcode\sdk\cpp\V5\V5_20240802_15_00_00/vexv5\libv5rt.a(v5_apiuser.c.obj)
                0x03804d9c                vexAdiPortConfigGet
 .text.vexAdiValueSet
                0x03804dc4       0x28 c:\Users\jayan\AppData\Roaming\Code\User\globalStorage\vexrobotics.vexcode\sdk\cpp\V5\V5_20240802_15_00_00/vexv5\libv5rt.a(v5_apiuser.c.obj)
                0x03804dc4                vexAdiValueSet
 .text.vexMotorVelocitySet
                0x03804dec       0x20 c:\Users\jayan\AppData\Roaming\Code\User\globalStorage\vexrobotics.vexcode\sdk\cpp\V5\V5_20240802_15_00_00/vexv5\libv5rt.a(v5_apiuser.c.obj)
                0x03804dec                vexMotorVelocitySet
 .text.vexMotorVoltageSet
                0x03804e0c       0x20 c:\Users\jayan\AppData\Roaming\Code\User\globalStorage\vexrobotics.vexcode\sdk\cpp\V5\V5_20240802_15_00_00/vexv5\libv5rt.a(v5_apiuser.c.obj)
                0x03804e0c                vexMotorVoltageSet
 .text.vexMotorActualVelocityGet
                0x03804e2c       0x24 c:\Users\jayan\AppData\Roaming\Code\User\globalStorage\vexrobotics.vexcode\sdk\cpp\V5\V5_20240802_15_00_00/vexv5\libv5rt.a(v5_apiuser.c.obj)
                0x03804e2c                vexMotorActualVelocityGet
 .text.vexMotorReverseFlagSet
                0x03804e50       0x20 c:\Users\jayan\AppData\Roaming\Code\User\globalStorage\vexrobotics.vexcode\sdk\cpp\V5\V5_20240802_15_00_00/vexv5\libv5rt.a(v5_apiuser.c.obj)
                0x03804e50                vexMotorReverseFlagSet
 .text.vexMotorEncoderUnitsSet
                0x03804e70       0x20 c:\Users\jayan\AppData\Roaming\Code\User\globalStorage\vexrobotics.vexcode\sdk\cpp\V5\V5_20240802_15_00_00/vexv5\libv5rt.a(v5_apiuser.c.obj)
                0x03804e70                vexMotorEncoderUnitsSet
 .text.vexMotorBrakeModeSet
                0x03804e90       0x20 c:\Users\jayan\AppData\Roaming\Code\User\globalStorage\vexrobotics.vexcode\sdk\cpp\V5\V5_20240802_15_00_00/vexv5\libv5rt.a(v5_apiuser.c.obj)
                0x03804e90                vexMotorBrakeModeSet
 .text.vexMotorPositionSet
                0x03804eb0       0x28 c:\Users\jayan\AppData\Roaming\Code\User\globalStorage\vexrobotics.vexcode\sdk\cpp\V5\V5_20240802_15_00_00/vexv5\libv5rt.a(v5_apiuser.c.obj)
                0x03804eb0                vexMotorPositionSet
 .text.vexMotorPositionGet
                0x03804ed8       0x24 c:\Users\jayan\AppData\Roaming\Code\User\globalStorage\vexrobotics.vexcode\sdk\cpp\V5\V5_20240802_15_00_00/vexv5\libv5rt.a(v5_apiuser.c.obj)
                0x03804ed8                vexMotorPositionGet
 .text.vexMotorGearingSet
                0x03804efc       0x20 c:\Users\jayan\AppData\Roaming\Code\User\globalStorage\vexrobotics.vexcode\sdk\cpp\V5\V5_20240802_15_00_00/vexv5\libv5rt.a(v5_apiuser.c.obj)
                0x03804efc                vexMotorGearingSet
 .text.vexMotorGearingGet
                0x03804f1c       0x18 c:\Users\jayan\AppData\Roaming\Code\User\globalStorage\vexrobotics.vexcode\sdk\cpp\V5\V5_20240802_15_00_00/vexv5\libv5rt.a(v5_apiuser.c.obj)
                0x03804f1c                vexMotorGearingGet
 .text.vexImuReset
                0x03804f34       0x10 c:\Users\jayan\AppData\Roaming\Code\User\globalStorage\vexrobotics.vexcode\sdk\cpp\V5\V5_20240802_15_00_00/vexv5\libv5rt.a(v5_apiuser.c.obj)
                0x03804f34                vexImuReset
 .text.vexImuHeadingGet
                0x03804f44       0x10 c:\Users\jayan\AppData\Roaming\Code\User\globalStorage\vexrobotics.vexcode\sdk\cpp\V5\V5_20240802_15_00_00/vexv5\libv5rt.a(v5_apiuser.c.obj)
                0x03804f44                vexImuHeadingGet
 .text.vexImuDegreesGet
                0x03804f54       0x10 c:\Users\jayan\AppData\Roaming\Code\User\globalStorage\vexrobotics.vexcode\sdk\cpp\V5\V5_20240802_15_00_00/vexv5\libv5rt.a(v5_apiuser.c.obj)
                0x03804f54                vexImuDegreesGet
 .text.vexImuStatusGet
                0x03804f64       0x10 c:\Users\jayan\AppData\Roaming\Code\User\globalStorage\vexrobotics.vexcode\sdk\cpp\V5\V5_20240802_15_00_00/vexv5\libv5rt.a(v5_apiuser.c.obj)
                0x03804f64                vexImuStatusGet
 .text.vexAbsEncAngleGet
                0x03804f74       0x10 c:\Users\jayan\AppData\Roaming\Code\User\globalStorage\vexrobotics.vexcode\sdk\cpp\V5\V5_20240802_15_00_00/vexv5\libv5rt.a(v5_apiuser.c.obj)
                0x03804f74                vexAbsEncAngleGet
 .text.vexAbsEncReverseFlagSet
                0x03804f84       0x18 c:\Users\jayan\AppData\Roaming\Code\User\globalStorage\vexrobotics.vexcode\sdk\cpp\V5\V5_20240802_15_00_00/vexv5\libv5rt.a(v5_apiuser.c.obj)
                0x03804f84                vexAbsEncReverseFlagSet
 .text.vexDistanceDistanceGet
                0x03804f9c       0x10 c:\Users\jayan\AppData\Roaming\Code\User\globalStorage\vexrobotics.vexcode\sdk\cpp\V5\V5_20240802_15_00_00/vexv5\libv5rt.a(v5_apiuser.c.obj)
                0x03804f9c                vexDistanceDistanceGet
 .text.vexEventMaskSet
                0x03804fac       0x28 c:\Users\jayan\AppData\Roaming\Code\User\globalStorage\vexrobotics.vexcode\sdk\cpp\V5\V5_20240802_15_00_00/vexv5\libv5rt.a(v5_apiuser.c.obj)
                0x03804fac                vexEventMaskSet
 .text.vexEventMaskGet
                0x03804fd4       0x18 c:\Users\jayan\AppData\Roaming\Code\User\globalStorage\vexrobotics.vexcode\sdk\cpp\V5\V5_20240802_15_00_00/vexv5\libv5rt.a(v5_apiuser.c.obj)
                0x03804fd4                vexEventMaskGet
 .text._ZN3vex6deviceD2Ev
                0x03804fec        0x4 c:\Users\jayan\AppData\Roaming\Code\User\globalStorage\vexrobotics.vexcode\sdk\cpp\V5\V5_20240802_15_00_00/vexv5\libv5rt.a(vex_device.cpp.obj)
                0x03804fec                vex::device::~device()
                0x03804fec                vex::device::~device()
 .text._ZN3vex6device5valueEv
                0x03804ff0        0x8 c:\Users\jayan\AppData\Roaming\Code\User\globalStorage\vexrobotics.vexcode\sdk\cpp\V5\V5_20240802_15_00_00/vexv5\libv5rt.a(vex_device.cpp.obj)
                0x03804ff0                vex::device::value()
 .text._ZN3vex6deviceD0Ev
                0x03804ff8       0x14 c:\Users\jayan\AppData\Roaming\Code\User\globalStorage\vexrobotics.vexcode\sdk\cpp\V5\V5_20240802_15_00_00/vexv5\libv5rt.a(vex_device.cpp.obj)
                0x03804ff8                vex::device::~device()
 .text._ZN3vex6device4initEl
                0x0380500c       0x30 c:\Users\jayan\AppData\Roaming\Code\User\globalStorage\vexrobotics.vexcode\sdk\cpp\V5\V5_20240802_15_00_00/vexv5\libv5rt.a(vex_device.cpp.obj)
                0x0380500c                vex::device::init(long)
 .text._ZN3vex6deviceC2El
                0x0380503c       0x20 c:\Users\jayan\AppData\Roaming\Code\User\globalStorage\vexrobotics.vexcode\sdk\cpp\V5\V5_20240802_15_00_00/vexv5\libv5rt.a(vex_device.cpp.obj)
                0x0380503c                vex::device::device(long)
                0x0380503c                vex::device::device(long)
 .text._ZN3vex6device4typeEv
                0x0380505c       0x10 c:\Users\jayan\AppData\Roaming\Code\User\globalStorage\vexrobotics.vexcode\sdk\cpp\V5\V5_20240802_15_00_00/vexv5\libv5rt.a(vex_device.cpp.obj)
                0x0380505c                vex::device::type()
 .text._ZN3vex6device9installedEv
                0x0380506c       0x14 c:\Users\jayan\AppData\Roaming\Code\User\globalStorage\vexrobotics.vexcode\sdk\cpp\V5\V5_20240802_15_00_00/vexv5\libv5rt.a(vex_device.cpp.obj)
                0x0380506c                vex::device::installed()
 .text.__libc_fini_array
                0x03805080       0x30 c:\Users\jayan\AppData\Roaming\Code\User\globalStorage\vexrobotics.vexcode\sdk\cpp\V5\V5_20240802_15_00_00/vexv5/gcc/libs\libc.a(lib_a-fini.o)
                0x03805080                __libc_fini_array
 .text.__libc_init_array
                0x038050b0       0x58 c:\Users\jayan\AppData\Roaming\Code\User\globalStorage\vexrobotics.vexcode\sdk\cpp\V5\V5_20240802_15_00_00/vexv5/gcc/libs\libc.a(lib_a-init.o)
                0x038050b0                __libc_init_array
 .text.__libc_init_array.__stub
                0x03805108       0x18 linker stubs
 *(.gnu.linkonce.t.*)
 *(.plt)
 *(.gnu_warning)
 *(.gcc_except_table)
 *(.glue_7)
 .glue_7        0x00000000        0x0 linker stubs
 *(.glue_7t)
 .glue_7t       0x00000000        0x0 linker stubs
 *(.vfp11_veneer)
 .vfp11_veneer  0x00000000        0x0 linker stubs
 *(.ARM.extab)
 *(.gnu.linkonce.armextab.*)

.v4_bx          0x03805120        0x0
 .v4_bx         0x00000000        0x0 linker stubs

.iplt           0x03805120        0x0
 .iplt          0x00000000        0x0 build/src/main.o

.init
 *(.init)

.fini
 *(.fini)

.rodata         0x03805120      0x2ec
                0x03805120                __rodata_start = .
 *(.rodata)
 *(.rodata.*)
 .rodata.str1.1
                0x03805120       0xa7 build/src/main.o
                                 0xaa (size before relaxing)
 .rodata.str1.1
                0x038051c7       0x4f build/src/JAR-Template/drive.o
 .rodata.str1.1
                0x03805216       0x2e c:\Users\jayan\AppData\Roaming\Code\User\globalStorage\vexrobotics.vexcode\sdk\cpp\V5\V5_20240802_15_00_00/vexv5\libv5rt.a(v5_startup.c.obj)
 .rodata._ZN3vex6PORT20E
                0x03805244        0x4 c:\Users\jayan\AppData\Roaming\Code\User\globalStorage\vexrobotics.vexcode\sdk\cpp\V5\V5_20240802_15_00_00/vexv5\libv5rt.a(vex_global.cpp.obj)
                0x03805244                vex::PORT20
 .rodata._ZN3vex3fwdE
                0x03805248        0x4 c:\Users\jayan\AppData\Roaming\Code\User\globalStorage\vexrobotics.vexcode\sdk\cpp\V5\V5_20240802_15_00_00/vexv5\libv5rt.a(vex_global.cpp.obj)
                0x03805248                vex::fwd
 .rodata._ZN3vex5PORT3E
                0x0380524c        0x4 c:\Users\jayan\AppData\Roaming\Code\User\globalStorage\vexrobotics.vexcode\sdk\cpp\V5\V5_20240802_15_00_00/vexv5\libv5rt.a(vex_global.cpp.obj)
                0x0380524c                vex::PORT3
 .rodata._ZN3vex5PORT1E
                0x03805250        0x4 c:\Users\jayan\AppData\Roaming\Code\User\globalStorage\vexrobotics.vexcode\sdk\cpp\V5\V5_20240802_15_00_00/vexv5\libv5rt.a(vex_global.cpp.obj)
                0x03805250                vex::PORT1
 .rodata._ZN3vex7reverseE
                0x03805254        0x4 c:\Users\jayan\AppData\Roaming\Code\User\globalStorage\vexrobotics.vexcode\sdk\cpp\V5\V5_20240802_15_00_00/vexv5\libv5rt.a(vex_global.cpp.obj)
                0x03805254                vex::reverse
 .rodata._ZN3vex4voltE
                0x03805258        0x4 c:\Users\jayan\AppData\Roaming\Code\User\globalStorage\vexrobotics.vexcode\sdk\cpp\V5\V5_20240802_15_00_00/vexv5\libv5rt.a(vex_global.cpp.obj)
                0x03805258                vex::volt
 .rodata._ZN3vex6PORT10E
                0x0380525c        0x4 c:\Users\jayan\AppData\Roaming\Code\User\globalStorage\vexrobotics.vexcode\sdk\cpp\V5\V5_20240802_15_00_00/vexv5\libv5rt.a(vex_global.cpp.obj)
                0x0380525c                vex::PORT10
 .rodata._ZN3vex5PORT5E
                0x03805260        0x4 c:\Users\jayan\AppData\Roaming\Code\User\globalStorage\vexrobotics.vexcode\sdk\cpp\V5\V5_20240802_15_00_00/vexv5\libv5rt.a(vex_global.cpp.obj)
                0x03805260                vex::PORT5
 .rodata._ZN3vex7forwardE
                0x03805264        0x4 c:\Users\jayan\AppData\Roaming\Code\User\globalStorage\vexrobotics.vexcode\sdk\cpp\V5\V5_20240802_15_00_00/vexv5\libv5rt.a(vex_global.cpp.obj)
                0x03805264                vex::forward
 .rodata._ZN3vex4msecE
                0x03805268        0x4 c:\Users\jayan\AppData\Roaming\Code\User\globalStorage\vexrobotics.vexcode\sdk\cpp\V5\V5_20240802_15_00_00/vexv5\libv5rt.a(vex_global.cpp.obj)
                0x03805268                vex::msec
 .rodata._ZN3vex5PORT9E
                0x0380526c        0x4 c:\Users\jayan\AppData\Roaming\Code\User\globalStorage\vexrobotics.vexcode\sdk\cpp\V5\V5_20240802_15_00_00/vexv5\libv5rt.a(vex_global.cpp.obj)
                0x0380526c                vex::PORT9
 .rodata._ZN3vex5PORT2E
                0x03805270        0x4 c:\Users\jayan\AppData\Roaming\Code\User\globalStorage\vexrobotics.vexcode\sdk\cpp\V5\V5_20240802_15_00_00/vexv5\libv5rt.a(vex_global.cpp.obj)
                0x03805270                vex::PORT2
 .rodata._ZN3vex5PORT6E
                0x03805274        0x4 c:\Users\jayan\AppData\Roaming\Code\User\globalStorage\vexrobotics.vexcode\sdk\cpp\V5\V5_20240802_15_00_00/vexv5\libv5rt.a(vex_global.cpp.obj)
                0x03805274                vex::PORT6
 .rodata._ZN3vex7primaryE
                0x03805278        0x4 c:\Users\jayan\AppData\Roaming\Code\User\globalStorage\vexrobotics.vexcode\sdk\cpp\V5\V5_20240802_15_00_00/vexv5\libv5rt.a(vex_global.cpp.obj)
                0x03805278                vex::primary
 .rodata._ZN3vex3degE
                0x0380527c        0x4 c:\Users\jayan\AppData\Roaming\Code\User\globalStorage\vexrobotics.vexcode\sdk\cpp\V5\V5_20240802_15_00_00/vexv5\libv5rt.a(vex_global.cpp.obj)
                0x0380527c                vex::deg
 .rodata._ZN3vex7percentE
                0x03805280        0x4 c:\Users\jayan\AppData\Roaming\Code\User\globalStorage\vexrobotics.vexcode\sdk\cpp\V5\V5_20240802_15_00_00/vexv5\libv5rt.a(vex_global.cpp.obj)
                0x03805280                vex::percent
 .rodata._ZN3vex6PORT19E
                0x03805284        0x4 c:\Users\jayan\AppData\Roaming\Code\User\globalStorage\vexrobotics.vexcode\sdk\cpp\V5\V5_20240802_15_00_00/vexv5\libv5rt.a(vex_global.cpp.obj)
                0x03805284                vex::PORT19
 .rodata._ZN3vex6PORT22E
                0x03805288        0x4 c:\Users\jayan\AppData\Roaming\Code\User\globalStorage\vexrobotics.vexcode\sdk\cpp\V5\V5_20240802_15_00_00/vexv5\libv5rt.a(vex_global.cpp.obj)
                0x03805288                vex::PORT22
 .rodata._ZN3vex5PORT7E
                0x0380528c        0x4 c:\Users\jayan\AppData\Roaming\Code\User\globalStorage\vexrobotics.vexcode\sdk\cpp\V5\V5_20240802_15_00_00/vexv5\libv5rt.a(vex_global.cpp.obj)
                0x0380528c                vex::PORT7
 .rodata._ZN3vex8ratio6_1E
                0x03805290        0x4 c:\Users\jayan\AppData\Roaming\Code\User\globalStorage\vexrobotics.vexcode\sdk\cpp\V5\V5_20240802_15_00_00/vexv5\libv5rt.a(vex_global.cpp.obj)
                0x03805290                vex::ratio6_1
 .rodata._ZN3vex5PORT4E
                0x03805294        0x4 c:\Users\jayan\AppData\Roaming\Code\User\globalStorage\vexrobotics.vexcode\sdk\cpp\V5\V5_20240802_15_00_00/vexv5\libv5rt.a(vex_global.cpp.obj)
                0x03805294                vex::PORT4
 .rodata._ZN3vex5PORT8E
                0x03805298        0x4 c:\Users\jayan\AppData\Roaming\Code\User\globalStorage\vexrobotics.vexcode\sdk\cpp\V5\V5_20240802_15_00_00/vexv5\libv5rt.a(vex_global.cpp.obj)
                0x03805298                vex::PORT8
 .rodata._ZN3vex9ratio18_1E
                0x0380529c        0x4 c:\Users\jayan\AppData\Roaming\Code\User\globalStorage\vexrobotics.vexcode\sdk\cpp\V5\V5_20240802_15_00_00/vexv5\libv5rt.a(vex_global.cpp.obj)
                0x0380529c                vex::ratio18_1
 .rodata._ZN3vex6inchesE
                0x038052a0        0x4 c:\Users\jayan\AppData\Roaming\Code\User\globalStorage\vexrobotics.vexcode\sdk\cpp\V5\V5_20240802_15_00_00/vexv5\libv5rt.a(vex_global.cpp.obj)
                0x038052a0                vex::inches
 *fill*         0x038052a4        0x4 
 .rodata._ZTVN3vex5motorE
                0x038052a8       0x18 c:\Users\jayan\AppData\Roaming\Code\User\globalStorage\vexrobotics.vexcode\sdk\cpp\V5\V5_20240802_15_00_00/vexv5\libv5rt.a(vex_motor.cpp.obj)
                0x038052a8                vtable for vex::motor
 .rodata._ZTVN3vex8inertialE
                0x038052c0       0x68 c:\Users\jayan\AppData\Roaming\Code\User\globalStorage\vexrobotics.vexcode\sdk\cpp\V5\V5_20240802_15_00_00/vexv5\libv5rt.a(vex_imu.cpp.obj)
                0x038052c0                vtable for vex::inertial
 .rodata._ZTVN3vex8rotationE
                0x03805328       0x18 c:\Users\jayan\AppData\Roaming\Code\User\globalStorage\vexrobotics.vexcode\sdk\cpp\V5\V5_20240802_15_00_00/vexv5\libv5rt.a(vex_rotation.cpp.obj)
                0x03805328                vtable for vex::rotation
 .rodata._ZTVN3vex8distanceE
                0x03805340       0x18 c:\Users\jayan\AppData\Roaming\Code\User\globalStorage\vexrobotics.vexcode\sdk\cpp\V5\V5_20240802_15_00_00/vexv5\libv5rt.a(vex_distance.cpp.obj)
                0x03805340                vtable for vex::distance
 .rodata.CSWTCH.16
                0x03805358        0xb c:\Users\jayan\AppData\Roaming\Code\User\globalStorage\vexrobotics.vexcode\sdk\cpp\V5\V5_20240802_15_00_00/vexv5\libv5rt.a(vex_controller.cpp.obj)
 .rodata.CSWTCH.18
                0x03805363        0xb c:\Users\jayan\AppData\Roaming\Code\User\globalStorage\vexrobotics.vexcode\sdk\cpp\V5\V5_20240802_15_00_00/vexv5\libv5rt.a(vex_controller.cpp.obj)
 .rodata.CSWTCH.24
                0x0380536e        0x3 c:\Users\jayan\AppData\Roaming\Code\User\globalStorage\vexrobotics.vexcode\sdk\cpp\V5\V5_20240802_15_00_00/vexv5\libv5rt.a(vex_controller.cpp.obj)
 .rodata.str1.1
                0x03805371       0x14 c:\Users\jayan\AppData\Roaming\Code\User\globalStorage\vexrobotics.vexcode\sdk\cpp\V5\V5_20240802_15_00_00/vexv5\libv5rt.a(vex_task.cpp.obj)
 .rodata.str1.1
                0x03805385       0x2d c:\Users\jayan\AppData\Roaming\Code\User\globalStorage\vexrobotics.vexcode\sdk\cpp\V5\V5_20240802_15_00_00/vexv5\libv5rt.a(vex_brain.cpp.obj)
 *fill*         0x038053b2        0x6 
 .rodata._ZTVN3vex7triportE
                0x038053b8       0x18 c:\Users\jayan\AppData\Roaming\Code\User\globalStorage\vexrobotics.vexcode\sdk\cpp\V5\V5_20240802_15_00_00/vexv5\libv5rt.a(vex_triport.cpp.obj)
                0x038053b8                vtable for vex::triport
 .rodata.CSWTCH.39
                0x038053d0        0xe c:\Users\jayan\AppData\Roaming\Code\User\globalStorage\vexrobotics.vexcode\sdk\cpp\V5\V5_20240802_15_00_00/vexv5\libv5rt.a(vex_triport.cpp.obj)
 .rodata.CSWTCH.44
                0x038053de       0x10 c:\Users\jayan\AppData\Roaming\Code\User\globalStorage\vexrobotics.vexcode\sdk\cpp\V5\V5_20240802_15_00_00/vexv5\libv5rt.a(vex_triport.cpp.obj)
 *fill*         0x038053ee        0x2 
 .rodata._ZTVN3vex6deviceE
                0x038053f0       0x18 c:\Users\jayan\AppData\Roaming\Code\User\globalStorage\vexrobotics.vexcode\sdk\cpp\V5\V5_20240802_15_00_00/vexv5\libv5rt.a(vex_device.cpp.obj)
                0x038053f0                vtable for vex::device
 .rodata.str1.4
                0x03805408        0x4 c:\Users\jayan\AppData\Roaming\Code\User\globalStorage\vexrobotics.vexcode\sdk\cpp\V5\V5_20240802_15_00_00/vexv5/gcc/libs\libc.a(lib_a-impure.o)
                                  0x2 (size before relaxing)
 *(.gnu.linkonce.r.*)
                0x0380540c                __rodata_end = .

.rodata1        0x0380540c        0x0
                0x0380540c                __rodata1_start = .
 *(.rodata1)
 *(.rodata1.*)
                0x0380540c                __rodata1_end = .

.sdata2         0x0380540c        0x0
                0x0380540c                __sdata2_start = .
 *(.sdata2)
 *(.sdata2.*)
 *(.gnu.linkonce.s2.*)
                0x0380540c                __sdata2_end = .

.sbss2          0x0380540c        0x0
                0x0380540c                __sbss2_start = .
 *(.sbss2)
 *(.sbss2.*)
 *(.gnu.linkonce.sb2.*)
                0x0380540c                __sbss2_end = .

.data           0x03805410      0x43c
                0x03805410                __data_start = .
 *(.data)
 *(.data.*)
 .data.appRunning
                0x03805410        0x4 c:\Users\jayan\AppData\Roaming\Code\User\globalStorage\vexrobotics.vexcode\sdk\cpp\V5\V5_20240802_15_00_00/vexv5\libv5rt.a(v5_startup.c.obj)
                0x03805410                appRunning
 .data.__yoff   0x03805414        0x4 c:\Users\jayan\AppData\Roaming\Code\User\globalStorage\vexrobotics.vexcode\sdk\cpp\V5\V5_20240802_15_00_00/vexv5\libv5rt.a(v5_apijump.c.obj)
 .data._ZN3vex24__default_motor_velocityE
                0x03805418        0x4 c:\Users\jayan\AppData\Roaming\Code\User\globalStorage\vexrobotics.vexcode\sdk\cpp\V5\V5_20240802_15_00_00/vexv5\libv5rt.a(vex_motor.cpp.obj)
                0x03805418                vex::__default_motor_velocity
 *fill*         0x0380541c        0x4 
 .data.impure_data
                0x03805420      0x428 c:\Users\jayan\AppData\Roaming\Code\User\globalStorage\vexrobotics.vexcode\sdk\cpp\V5\V5_20240802_15_00_00/vexv5/gcc/libs\libc.a(lib_a-impure.o)
 .data._impure_ptr
                0x03805848        0x4 c:\Users\jayan\AppData\Roaming\Code\User\globalStorage\vexrobotics.vexcode\sdk\cpp\V5\V5_20240802_15_00_00/vexv5/gcc/libs\libc.a(lib_a-impure.o)
                0x03805848                _impure_ptr
 *(.gnu.linkonce.d.*)
 *(.jcr)
 *(.got)
 *(.got.plt)
                0x0380584c                __data_end = .

.igot.plt       0x0380584c        0x0
 .igot.plt      0x00000000        0x0 build/src/main.o

.data1          0x0380584c        0x0
                0x0380584c                __data1_start = .
 *(.data1)
 *(.data1.*)
                0x0380584c                __data1_end = .

.got
 *(.got)

.ctors          0x0380584c        0x0
                0x0380584c                __CTOR_LIST__ = .
                0x0380584c                ___CTORS_LIST___ = .
 *crtbegin.o(.ctors)
 *(EXCLUDE_FILE(*crtend.o) .ctors)
 *(SORT(.ctors.*))
 *(.ctors)
                0x0380584c                __CTOR_END__ = .
                0x0380584c                ___CTORS_END___ = .

.dtors          0x0380584c        0x0
                0x0380584c                __DTOR_LIST__ = .
                0x0380584c                ___DTORS_LIST___ = .
 *crtbegin.o(.dtors)
 *(EXCLUDE_FILE(*crtend.o) .dtors)
 *(SORT(.dtors.*))
 *(.dtors)
                0x0380584c                __DTOR_END__ = .
                0x0380584c                ___DTORS_END___ = .

.fixup          0x0380584c        0x0
                0x0380584c                __fixup_start = .
 *(.fixup)
                0x0380584c                __fixup_end = .

.eh_frame
 *(.eh_frame)

.eh_framehdr    0x0380584c        0x0
                0x0380584c                __eh_framehdr_start = .
 *(.eh_framehdr)
                0x0380584c                __eh_framehdr_end = .

.gcc_except_table
 *(.gcc_except_table)

.mmu_tbl        0x03808000        0x0
                0x03808000                __mmu_tbl_start = .
 *(.mmu_tbl)
                0x03808000                __mmu_tbl_end = .

.ARM.exidx      0x0380584c        0x8
                0x0380584c                __exidx_start = .
 *(.ARM.exidx*)
 .ARM.exidx.text._ZN3vex11motor_groupC2IJNS_5motorES2_EEERS2_DpRT_
                0x0380584c        0x8 build/src/main.o
 .ARM.exidx.text._ZN5DriveD2Ev
                0x03805854        0x0 build/src/main.o
                                  0x8 (size before relaxing)
 .ARM.exidx.text._Z9pre_autonv
                0x03805854        0x0 build/src/main.o
                                  0x8 (size before relaxing)
 .ARM.exidx.text._Z10autonomousv
                0x03805854        0x0 build/src/main.o
                                  0x8 (size before relaxing)
 .ARM.exidx.text._Z11usercontrolv
                0x03805854        0x0 build/src/main.o
                                  0x8 (size before relaxing)
 .ARM.exidx.text.main
                0x03805854        0x0 build/src/main.o
                                  0x8 (size before relaxing)
 .ARM.exidx.text._GLOBAL__sub_I_main.cpp
                0x03805854        0x0 build/src/main.o
                                  0x8 (size before relaxing)
 .ARM.exidx.text._Z17default_constantsv
                0x03805854        0x0 build/src/autons.o
                                  0x8 (size before relaxing)
 .ARM.exidx.text._Z8newroutev
                0x03805854        0x0 build/src/autons.o